/usr/local/rvm/gems/default/gems/io-event-1.14.3/lib/io/event/support.rb:41: warning: IO::Buffer is experimental and both the Ruby and C interface may change in the future!
For the Images check, the following failures were found:

* At ./_site/2023/08/30/family-health-vaccines-choosing-pharmacies-or-clinics-for-care.html:403:

  internal image /assets/images/vaccination.webp does not exist

* At ./_site/2023/08/30/family-health-vaccines-choosing-pharmacies-or-clinics-for-care.html:556:

  internal image /assets/images/vaccination.webp does not exist

* At ./_site/2023/09/13/should-seniors-take-vitamins-evidencebased-guidance.html:403:

  internal image /assets/images/pharmacy.webp does not exist

* At ./_site/2023/09/13/should-seniors-take-vitamins-evidencebased-guidance.html:593:

  internal image /assets/images/pharmacy.webp does not exist

* At ./_site/2023/09/19/navigating-the-canned-soup-nutritional-minefield.html:399:

  internal image /assets/images/soup.webp does not exist

* At ./_site/2023/09/19/navigating-the-canned-soup-nutritional-minefield.html:599:

  internal image /assets/images/soup.webp does not exist

* At ./_site/2023/09/20/chitin-for-digestion-and-weight-loss-benefits-risks-and-evidence.html:394:

  internal image /assets/images/mushrooms.webp does not exist

* At ./_site/2023/09/20/chitin-for-digestion-and-weight-loss-benefits-risks-and-evidence.html:538:

  internal image /assets/images/mushrooms.webp does not exist

* At ./_site/2023/09/23/vaccines-after-50-to-stay-healthy-and-safe.html:396:

  internal image /assets/images/the-jab.webp does not exist

* At ./_site/2023/09/23/vaccines-after-50-to-stay-healthy-and-safe.html:549:

  internal image /assets/images/the-jab.webp does not exist

* At ./_site/2023/09/27/psoriasis-causes-symptoms-and-treatments.html:398:

  internal image /assets/images/psoriasis-elbow.webp does not exist

* At ./_site/2023/09/27/psoriasis-causes-symptoms-and-treatments.html:534:

  internal image /assets/images/psoriasis-elbow.webp does not exist

* At ./_site/2023/10/08/gluten-linked-issues-you-may-not-know.html:400:

  internal image /assets/images/structure-small-intestine-villi.webp does not exist

* At ./_site/2023/10/08/gluten-linked-issues-you-may-not-know.html:492:

  internal image /assets/images/structure-small-intestine-villi.webp does not exist

* At ./_site/2023/10/10/dont-ignore-the-warning-signs-of-type-2-diabetes.html:432:

  internal image /assets/images/prediabetes.webp does not exist

* At ./_site/2023/10/10/dont-ignore-the-warning-signs-of-type-2-diabetes.html:549:

  internal image /assets/images/prediabetes.webp does not exist

* At ./_site/2023/10/29/sustainable-living-a-green-healthy-life-that-truly-lasts.html:406:

  internal image /assets/images/energy‑efficient.webp does not exist

* At ./_site/2023/10/29/sustainable-living-a-green-healthy-life-that-truly-lasts.html:508:

  internal image /assets/images/energy‑efficient.webp does not exist

* At ./_site/2023/12/16/9-tips-healthy-aging.html:396:

  internal image /assets/images/park-bench.webp does not exist

* At ./_site/2023/12/16/9-tips-healthy-aging.html:502:

  internal image /assets/images/park-bench.webp does not exist

* At ./_site/2023/12/21/local-food-movement-benefits.html:398:

  internal image /assets/images/farmer's-market.webp does not exist

* At ./_site/2023/12/21/local-food-movement-benefits.html:479:

  internal image /assets/images/farmer's-market.webp does not exist

* At ./_site/2023/12/21/prison-study-women-punished-more-minor-violations.html:394:

  internal image /assets/images/prison-women.webp does not exist

* At ./_site/2023/12/21/prison-study-women-punished-more-minor-violations.html:468:

  internal image /assets/images/prison-women.webp does not exist

* At ./_site/2024/01/02/autoimmune-diseases-women-gender-gap.html:398:

  internal image /assets/images/woman-autoimmune.webp does not exist

* At ./_site/2024/01/02/autoimmune-diseases-women-gender-gap.html:475:

  internal image /assets/images/woman-autoimmune.webp does not exist

* At ./_site/2024/01/09/fitness-after-fifty-data-longevity.html:400:

  internal image /assets/images/senior-power.webp does not exist

* At ./_site/2024/01/09/fitness-after-fifty-data-longevity.html:415:

  internal image /assets/images/zones.webp does not exist

* At ./_site/2024/01/09/fitness-after-fifty-data-longevity.html:515:

  internal image /assets/images/senior-power.webp does not exist

* At ./_site/2024/01/09/fitness-after-fifty-data-longevity.html:530:

  internal image /assets/images/zones.webp does not exist

* At ./_site/2024/01/17/watchman-device-minimally-invasive-heart-technology.html:406:

  internal image /assets/images/assets/images/catheter-ablation.webp does not exist

* At ./_site/2024/01/17/watchman-device-minimally-invasive-heart-technology.html:502:

  internal image /assets/images/assets/images/catheter-ablation.webp does not exist

* At ./_site/2024/01/20/autoimmune-arthritis-types-symptoms.html:398:

  internal image /assets/images/senior-walks-with-pain.webp does not exist

* At ./_site/2024/01/20/autoimmune-arthritis-types-symptoms.html:417:

  internal image /assets/images/rheumatoid-arthritis.webp does not exist

* At ./_site/2024/01/20/autoimmune-arthritis-types-symptoms.html:497:

  internal image /assets/images/senior-walks-with-pain.webp does not exist

* At ./_site/2024/01/20/autoimmune-arthritis-types-symptoms.html:516:

  internal image /assets/images/rheumatoid-arthritis.webp does not exist

* At ./_site/2024/01/21/physical-therapy-autoimmune-arthritis.html:398:

  internal image /assets/images/physical-therapy.webp does not exist

* At ./_site/2024/01/21/physical-therapy-autoimmune-arthritis.html:410:

  internal image /assets/images/rheumatoid-arthritis-joint-immune-response.webp does not exist

* At ./_site/2024/01/21/physical-therapy-autoimmune-arthritis.html:535:

  internal image /assets/images/physical-therapy.webp does not exist

* At ./_site/2024/01/21/physical-therapy-autoimmune-arthritis.html:547:

  internal image /assets/images/rheumatoid-arthritis-joint-immune-response.webp does not exist

* At ./_site/2024/01/22/autoimmune-arthritis-2026-roadmap.html:409:

  internal image /assets/images/rheumatoid-arthritis-joint-immune-response.webp does not exist

* At ./_site/2024/01/22/autoimmune-arthritis-2026-roadmap.html:528:

  internal image /assets/images/rheumatoid-arthritis-joint-immune-response.webp does not exist

* At ./_site/2024/01/30/exploring-link-between-psoriasis-and-sleep.html:398:

  internal image /assets/images/sleep-psoriasis.webp does not exist

* At ./_site/2024/01/30/exploring-link-between-psoriasis-and-sleep.html:478:

  internal image /assets/images/sleep-psoriasis.webp does not exist

* At ./_site/2024/02/01/strong-bones-build-stronger-denser-bones.html:396:

  internal image /assets/images/strong-bones.webp does not exist

* At ./_site/2024/02/01/strong-bones-build-stronger-denser-bones.html:524:

  internal image /assets/images/strong-bones.webp does not exist

* At ./_site/2024/03/01/frontotemporal-dementia-unique-memory-loss.html:398:

  internal image /assets/images/alzheimer's-frontotemporal-dementia.webp does not exist

* At ./_site/2024/03/01/frontotemporal-dementia-unique-memory-loss.html:487:

  internal image /assets/images/alzheimer's-frontotemporal-dementia.webp does not exist

* At ./_site/2024/03/23/hearing-aids-necessity-cognitive-health.html:397:

  internal image /assets/images/tom-hearing-aid.webp does not exist

* At ./_site/2024/03/23/hearing-aids-necessity-cognitive-health.html:470:

  internal image /assets/images/tom-hearing-aid.webp does not exist

* At ./_site/2024/03/23/why-family-medicine-is-your-key-to-lifelong-health.html:398:

  internal image /assets/images/primary-care-physicians.webp does not exist

* At ./_site/2024/03/23/why-family-medicine-is-your-key-to-lifelong-health.html:471:

  internal image /assets/images/primary-care-physicians.webp does not exist

* At ./_site/2024/08/09/crispr-explained-a-beginners-guide-to-gene-editing.html:396:

  image https://blogger.googleusercontent.com/img/b/R29vZ2xl/AVvXsEj9ROcEEl52SpqWo6cx_vN38EcTucsiHybZ66-X8UlIvZaUrx1YaK8GN0icZx-z-UhauUct6H1ZmYwLkprAYq-PLZbfkV98_TqE6kEXUgyQ-T4cUl1U99gn47G0X1uYtGnz17Wzjw8LpiZ_kVavc1-VWIhjBjq065GB8upWELKN701egSnYSGmv73c6D3UN/s16000/CRISPR-Cas9-mechanism-of-Action-CRISPR-Cas9-system-targeting-a-DNA-sequence-adjacent-to.webp does not have an alt attribute

* At ./_site/2024/08/09/crispr-explained-a-beginners-guide-to-gene-editing.html:418:

  image https://blogger.googleusercontent.com/img/b/R29vZ2xl/AVvXsEj9ROcEEl52SpqWo6cx_vN38EcTucsiHybZ66-X8UlIvZaUrx1YaK8GN0icZx-z-UhauUct6H1ZmYwLkprAYq-PLZbfkV98_TqE6kEXUgyQ-T4cUl1U99gn47G0X1uYtGnz17Wzjw8LpiZ_kVavc1-VWIhjBjq065GB8upWELKN701egSnYSGmv73c6D3UN/s16000/CRISPR-Cas9-mechanism-of-Action-CRISPR-Cas9-system-targeting-a-DNA-sequence-adjacent-to.webp does not have an alt attribute

* At ./_site/[autoimmune]/2026/04/29/rheumatoid-arthritis-vitamin-d.html:470:

  internal image /assets/images/vitamin-d-immune-action.webp does not exist

* At ./_site/[autoimmune]/2026/04/29/rheumatoid-arthritis-vitamin-d.html:772:

  internal image /assets/images/patient-physician-consultation.webp does not exist

* At ./_site/brain & mind/2026/04/10/seniors-mental-health-internal-medicine.html:433:

  internal image /assets/mental-health-counseling.webp does not exist

* At ./_site/brain & mind/longevity/2026/01/20/why-akkermansia-is-the-next-frontier-in-weight-management.html:467:

  internal image /assets/images/ does not exist

* At ./_site/longevity/2026/01/15/medical-science-advances-2026.html:474:

  internal image /assets/images/spatial-cytokines-mapping.webp does not exist

For the Links check, the following failures were found:

* At ./_site/2023/09/19/navigating-the-canned-soup-nutritional-minefield.html:395:

  'a' tag is missing a reference

* At ./_site/2023/09/19/navigating-the-canned-soup-nutritional-minefield.html:595:

  'a' tag is missing a reference

* At ./_site/2023/12/05/top-ten-reasons-to-walk-everyday.html:395:

  'a' tag is missing a reference

* At ./_site/2023/12/05/top-ten-reasons-to-walk-everyday.html:539:

  'a' tag is missing a reference

* At ./_site/2024/01/30/the-arthritis-diet-what-to-leave-off-your-plate.html:401:

  'a' tag is missing a reference

* At ./_site/2024/01/30/the-arthritis-diet-what-to-leave-off-your-plate.html:845:

  'a' tag is missing a reference

* At ./_site/2024/02/04/nias-50-year-history-of-aging-and-alzheimers-research.html:394:

  'a' tag is missing a reference

* At ./_site/2024/02/04/nias-50-year-history-of-aging-and-alzheimers-research.html:416:

  'a' tag is missing a reference

* At ./_site/2024/02/12/silent-symptoms-of-dementia-early-detection.html:396:

  'a' tag is missing a reference

* At ./_site/2024/02/12/silent-symptoms-of-dementia-early-detection.html:807:

  'a' tag is missing a reference

* At ./_site/2024/02/18/atrial-fibrillation-causes-symptoms-and-treatments.html:395:

  'a' tag is missing a reference

* At ./_site/2024/02/18/atrial-fibrillation-causes-symptoms-and-treatments.html:557:

  'a' tag is missing a reference

* At ./_site/2024/02/18/top-senior-health-crises-causes-and-solutions.html:406:

  'a' tag is missing a reference

* At ./_site/2024/02/18/top-senior-health-crises-causes-and-solutions.html:668:

  'a' tag is missing a reference

* At ./_site/2024/02/27/senior-health-the-role-of-nutrition-in-aging-well.html:402:

  'a' tag is missing a reference

* At ./_site/2024/02/27/senior-health-the-role-of-nutrition-in-aging-well.html:675:

  'a' tag is missing a reference

* At ./_site/2024/03/05/tummy-troubles-helpful-home-remedies-for-diarrhea.html:395:

  'a' tag is missing a reference

* At ./_site/2024/03/05/tummy-troubles-helpful-home-remedies-for-diarrhea.html:535:

  'a' tag is missing a reference

* At ./_site/2024/03/09/edema-information-about-causes-and-effective-treatments.html:393:

  'a' tag is missing a reference

* At ./_site/2024/03/09/edema-information-about-causes-and-effective-treatments.html:512:

  'a' tag is missing a reference

* At ./_site/2024/03/15/internal-medicine-a-cornerstone-of-adult-healthcare.html:395:

  'a' tag is missing a reference

* At ./_site/2024/03/15/internal-medicine-a-cornerstone-of-adult-healthcare.html:802:

  'a' tag is missing a reference

* At ./_site/2024/03/16/defying-age-secrets-to-thriving-health-past-65.html:393:

  'a' tag is missing a reference

* At ./_site/2024/03/16/defying-age-secrets-to-thriving-health-past-65.html:685:

  'a' tag is missing a reference

* At ./_site/2024/03/22/the-silent-epidemic-recognizing-undiagnosed-mild-cognitive-impairment.html:398:

  'a' tag is missing a reference

* At ./_site/2024/03/22/the-silent-epidemic-recognizing-undiagnosed-mild-cognitive-impairment.html:695:

  'a' tag is missing a reference

* At ./_site/2024/03/24/nurse-practitioner-vs-physician-assistant-decoding-healthcare-roles.html:393:

  'a' tag is missing a reference

* At ./_site/2024/03/24/nurse-practitioner-vs-physician-assistant-decoding-healthcare-roles.html:527:

  'a' tag is missing a reference

* At ./_site/2024/03/25/sweet-study-sugar-substitutes-and-artificial-sweeteners.html:395:

  'a' tag is missing a reference

* At ./_site/2024/03/25/sweet-study-sugar-substitutes-and-artificial-sweeteners.html:445:

  'a' tag is missing a reference

* At ./_site/2024/03/26/understanding-aphasia-causes-symptoms-and-treatments.html:403:

  'a' tag is missing a reference

* At ./_site/2024/03/26/understanding-aphasia-causes-symptoms-and-treatments.html:713:

  'a' tag is missing a reference

* At ./_site/2024/04/09/psoriasis-comorbidities-link-to-systemic-inflammation-and-traes.html:395:

  'a' tag is missing a reference

* At ./_site/2024/04/09/psoriasis-comorbidities-link-to-systemic-inflammation-and-traes.html:468:

  'a' tag is missing a reference

* At ./_site/2024/04/13/is-variceal-hemorrhage-life-threatening-in-liver-disease.html:393:

  'a' tag is missing a reference

* At ./_site/2024/04/13/is-variceal-hemorrhage-life-threatening-in-liver-disease.html:457:

  'a' tag is missing a reference

* At ./_site/2024/04/14/understanding-the-role-of-a-gastroenterologist.html:394:

  'a' tag is missing a reference

* At ./_site/2024/04/14/understanding-the-role-of-a-gastroenterologist.html:595:

  'a' tag is missing a reference

* At ./_site/2024/04/23/microplastics-in-our-bodies-a-looming-threat.html:393:

  'a' tag is missing a reference

* At ./_site/2024/04/23/microplastics-in-our-bodies-a-looming-threat.html:406:

  'a' tag is missing a reference

* At ./_site/2024/04/28/dont-ignore-difficulty-swallowing-understanding-dysphagia.html:395:

  'a' tag is missing a reference

* At ./_site/2024/04/28/dont-ignore-difficulty-swallowing-understanding-dysphagia.html:410:

  'a' tag is missing a reference

* At ./_site/2024/05/03/building-life-from-scratch-artificial-cell-research-in-2024.html:395:

  'a' tag is missing a reference

* At ./_site/2024/05/03/building-life-from-scratch-artificial-cell-research-in-2024.html:411:

  'a' tag is missing a reference

* At ./_site/2024/05/05/how-to-experience-a-good-nights-sleep.html:394:

  'a' tag is missing a reference

* At ./_site/2024/05/05/how-to-experience-a-good-nights-sleep.html:626:

  'a' tag is missing a reference

* At ./_site/2024/05/06/genetic-engineering-treatments-for-hopeful-glioblastoma-patients.html:524:

  http://aginghealth.website is not an HTTPS link

* At ./_site/2024/05/06/genetic-engineering-treatments-for-hopeful-glioblastoma-patients.html:667:

  http://aginghealth.website is not an HTTPS link

* At ./_site/2024/05/07/aging-hormones-how-an-endocrinologist-helps-you-thrive.html:519:

  http://aginghealth.website is not an HTTPS link

* At ./_site/2024/05/07/aging-hormones-how-an-endocrinologist-helps-you-thrive.html:657:

  http://aginghealth.website is not an HTTPS link

* At ./_site/2024/05/10/your-livers-champion-unveiling-the-role-of-a-hepatologist.html:507:

  http://aginghealth.website is not an HTTPS link

* At ./_site/2024/05/10/your-livers-champion-unveiling-the-role-of-a-hepatologist.html:633:

  http://aginghealth.website is not an HTTPS link

* At ./_site/2024/05/12/brain-boost-the-potential-of-creatine-for-cognitive-function.html:509:

  http://aginghealth.website is not an HTTPS link

* At ./_site/2024/05/12/brain-boost-the-potential-of-creatine-for-cognitive-function.html:637:

  http://aginghealth.website is not an HTTPS link

* At ./_site/2024/05/15/dont-be-a-statistic-heart-attack-prevention-signs-what-to-do.html:523:

  http://aginghealth.website is not an HTTPS link

* At ./_site/2024/05/15/dont-be-a-statistic-heart-attack-prevention-signs-what-to-do.html:665:

  http://aginghealth.website is not an HTTPS link

* At ./_site/2024/05/16/demystifying-medical-information-understanding-complex-medical-terms.html:513:

  http://aginghealth.website is not an HTTPS link

* At ./_site/2024/05/16/demystifying-medical-information-understanding-complex-medical-terms.html:645:

  http://aginghealth.website is not an HTTPS link

* At ./_site/2024/05/17/bird-flu-outbreak-separating-fact-from-fear-2026-update.html:518:

  http://aginghealth.website is not an HTTPS link

* At ./_site/2024/05/17/bird-flu-outbreak-separating-fact-from-fear-2026-update.html:655:

  http://aginghealth.website is not an HTTPS link

* At ./_site/2024/05/17/neuropathy-a-silent-threatpossibly-underdiagnosed-and-undertreated.html:538:

  http://aginghealth.website is not an HTTPS link

* At ./_site/2024/05/17/neuropathy-a-silent-threatpossibly-underdiagnosed-and-undertreated.html:719:

  http://aginghealth.website is not an HTTPS link

* At ./_site/2024/05/17/the-masters-of-cells-understanding-the-role-of-pathologists.html:495:

  http://aginghealth.website is not an HTTPS link

* At ./_site/2024/05/17/the-masters-of-cells-understanding-the-role-of-pathologists.html:609:

  http://aginghealth.website is not an HTTPS link

* At ./_site/2024/05/18/mastering-mindfulness-a-beginners-journey-2024-update.html:524:

  http://aginghealth.website is not an HTTPS link

* At ./_site/2024/05/18/mastering-mindfulness-a-beginners-journey-2024-update.html:666:

  http://aginghealth.website is not an HTTPS link

* At ./_site/2024/05/18/wet-age-related-macular-degeneration-wet-amd-need-to-know.html:522:

  http://aginghealth.website is not an HTTPS link

* At ./_site/2024/05/18/wet-age-related-macular-degeneration-wet-amd-need-to-know.html:663:

  http://aginghealth.website is not an HTTPS link

* At ./_site/2024/05/19/beyond-the-burn-digesting-knowledge-of-gerd.html:516:

  http://aginghealth.website is not an HTTPS link

* At ./_site/2024/05/19/beyond-the-burn-digesting-knowledge-of-gerd.html:651:

  http://aginghealth.website is not an HTTPS link

* At ./_site/2024/05/23/brain-fuel-minimally-processed-foods-and-the-fighting-alzheimers.html:536:

  http://aginghealth.website is not an HTTPS link

* At ./_site/2024/05/23/brain-fuel-minimally-processed-foods-and-the-fighting-alzheimers.html:691:

  http://aginghealth.website is not an HTTPS link

* At ./_site/2024/05/25/do-ultra-processed-foods-affect-brain-function.html:539:

  http://aginghealth.website is not an HTTPS link

* At ./_site/2024/05/25/do-ultra-processed-foods-affect-brain-function.html:697:

  http://aginghealth.website is not an HTTPS link

* At ./_site/2024/05/28/dementia-new-insights-on-memory-loss-and-the-brain.html:528:

  http://aginghealth.website is not an HTTPS link

* At ./_site/2024/05/28/dementia-new-insights-on-memory-loss-and-the-brain.html:675:

  http://aginghealth.website is not an HTTPS link

* At ./_site/2024/05/29/atrial-fibrillation-updates-heart-failure-diagnosis-and-prevention.html:535:

  http://aginghealth.website is not an HTTPS link

* At ./_site/2024/05/29/atrial-fibrillation-updates-heart-failure-diagnosis-and-prevention.html:688:

  http://aginghealth.website is not an HTTPS link

* At ./_site/2024/05/31/aging-and-the-challenge-for-pain-management-providers.html:528:

  http://aginghealth.website is not an HTTPS link

* At ./_site/2024/05/31/aging-and-the-challenge-for-pain-management-providers.html:674:

  http://aginghealth.website is not an HTTPS link

* At ./_site/2024/05/31/excess-ammonia-in-blood-dangers-symptoms-causes-and-treatment.html:510:

  http://aginghealth.website is not an HTTPS link

* At ./_site/2024/05/31/excess-ammonia-in-blood-dangers-symptoms-causes-and-treatment.html:638:

  http://aginghealth.website is not an HTTPS link

* At ./_site/2024/06/01/skin-to-joints-the-progression-of-psoriasis-to-psoriatic-arthritis.html:394:

  'a' tag is missing a reference

* At ./_site/2024/06/01/skin-to-joints-the-progression-of-psoriasis-to-psoriatic-arthritis.html:811:

  'a' tag is missing a reference

* At ./_site/2024/06/02/discovering-your-biological-age-the-genetic-connection.html:559:

  http://aginghealth.website is not an HTTPS link

* At ./_site/2024/06/02/discovering-your-biological-age-the-genetic-connection.html:737:

  http://aginghealth.website is not an HTTPS link

* At ./_site/2024/06/02/why-older-adults-need-extra-protection-in-hot-weather.html:526:

  http://aginghealth.website is not an HTTPS link

* At ./_site/2024/06/02/why-older-adults-need-extra-protection-in-hot-weather.html:671:

  http://aginghealth.website is not an HTTPS link

* At ./_site/2024/06/03/can-your-speech-predict-frontotemporal-degeneration.html:525:

  http://aginghealth.website is not an HTTPS link

* At ./_site/2024/06/03/can-your-speech-predict-frontotemporal-degeneration.html:669:

  http://aginghealth.website is not an HTTPS link

* At ./_site/2024/06/09/understanding-lewy-body-dementia-and-the-latest-research.html:591:

  http://www.lbda.org/ is not an HTTPS link

* At ./_site/2024/06/09/understanding-lewy-body-dementia-and-the-latest-research.html:591:

  http://www.nia.nih.gov/ is not an HTTPS link

* At ./_site/2024/06/09/understanding-lewy-body-dementia-and-the-latest-research.html:799:

  http://www.lbda.org/ is not an HTTPS link

* At ./_site/2024/06/09/understanding-lewy-body-dementia-and-the-latest-research.html:799:

  http://www.nia.nih.gov/ is not an HTTPS link

* At ./_site/2024/06/21/lou-gehrigs-disease-als-symptoms-diagnosis-and-future-hope.html:394:

  'a' tag is missing a reference

* At ./_site/2024/06/21/lou-gehrigs-disease-als-symptoms-diagnosis-and-future-hope.html:551:

  'a' tag is missing a reference

* At ./_site/2024/06/26/itchy-eyelid-psoriasis-psoriatic-arthritis-and-mental-fatigue.html:394:

  'a' tag is missing a reference

* At ./_site/2024/06/26/itchy-eyelid-psoriasis-psoriatic-arthritis-and-mental-fatigue.html:472:

  'a' tag is missing a reference

* At ./_site/2024/06/29/beat-the-heat-how-some-medications-affect-your-body-in-summer.html:394:

  'a' tag is missing a reference

* At ./_site/2024/06/29/beat-the-heat-how-some-medications-affect-your-body-in-summer.html:562:

  'a' tag is missing a reference

* At ./_site/2024/06/30/psoriasis-your-skin-saltwater-chlorine-and-swimming.html:397:

  'a' tag is missing a reference

* At ./_site/2024/06/30/psoriasis-your-skin-saltwater-chlorine-and-swimming.html:497:

  'a' tag is missing a reference

* At ./_site/2024/07/09/understanding-shingles-essential-insights-and-prevention-tips.html:405:

  'a' tag is missing a reference

* At ./_site/2024/07/09/understanding-shingles-essential-insights-and-prevention-tips.html:451:

  'a' tag is missing a reference

* At ./_site/2024/07/19/fall-allergies-dont-let-autumn-spoil-your-fun.html:401:

  'a' tag is missing a reference

* At ./_site/2024/07/19/fall-allergies-dont-let-autumn-spoil-your-fun.html:775:

  'a' tag is missing a reference

* At ./_site/2024/07/21/the-brains-orchestra-the-gene-regulation-networks.html:487:

  http://aginghealth.website is not an HTTPS link

* At ./_site/2024/07/21/the-brains-orchestra-the-gene-regulation-networks.html:593:

  http://aginghealth.website is not an HTTPS link

* At ./_site/2024/08/16/crispr-beyond-the-hype-challenges-and-the-road-ahead.html:412:

  'a' tag is missing a reference

* At ./_site/2024/08/16/crispr-beyond-the-hype-challenges-and-the-road-ahead.html:820:

  'a' tag is missing a reference

* At ./_site/2024/11/29/cortisol-the-stress-hormone-and-its-health-impact.html:496:

  http://aginghealth.website is not an HTTPS link

* At ./_site/2024/11/29/cortisol-the-stress-hormone-and-its-health-impact.html:611:

  http://aginghealth.website is not an HTTPS link

* At ./_site/2025/01/16/the-connection-of-glucose-metabolism-and-alzheimers.html:400:

  'a' tag is missing a reference

* At ./_site/2025/01/16/the-connection-of-glucose-metabolism-and-alzheimers.html:637:

  'a' tag is missing a reference

* At ./_site/2025/02/01/why-tylenol-is-often-safer-than-advil-for-liver-patients.html:396:

  'a' tag is missing a reference

* At ./_site/2025/02/01/why-tylenol-is-often-safer-than-advil-for-liver-patients.html:592:

  'a' tag is missing a reference

For the Links > Internal check, the following failures were found:

* At ./_site/2023/08/23/how-hvac-maintenance-impacts-health.html:187:

  internally linking to /2023, which does not exist

* At ./_site/2023/08/23/how-hvac-maintenance-impacts-health.html:197:

  internally linking to /08, which does not exist

* At ./_site/2023/08/23/how-hvac-maintenance-impacts-health.html:207:

  internally linking to /23, which does not exist

* At ./_site/2023/08/23/how-hvac-maintenance-impacts-health.html:396:

  internally linking to /posts/essential-health-screenings-seniors-aging/, which does not exist

* At ./_site/2023/08/23/how-hvac-maintenance-impacts-health.html:408:

  internally linking to /posts/what-types-of-insurance-should-i-have/, which does not exist

* At ./_site/2023/08/23/how-hvac-maintenance-impacts-health.html:409:

  internally linking to /posts/digital-doctor-dilemma-online-health-risks/, which does not exist

* At ./_site/2023/08/23/how-hvac-maintenance-impacts-health.html:414:

  internally linking to /posts/healthy-after-65/, which does not exist

* At ./_site/2023/08/23/how-hvac-maintenance-impacts-health.html:419:

  internally linking to /posts/alleviate-nausea/, which does not exist

* At ./_site/2023/08/23/how-hvac-maintenance-impacts-health.html:421:

  internally linking to /posts/sleep-apnea/, which does not exist

* At ./_site/2023/08/23/how-hvac-maintenance-impacts-health.html:459:

  internally linking to /posts/essential-health-screenings-seniors-aging/, which does not exist

* At ./_site/2023/08/23/how-hvac-maintenance-impacts-health.html:471:

  internally linking to /posts/what-types-of-insurance-should-i-have/, which does not exist

* At ./_site/2023/08/23/how-hvac-maintenance-impacts-health.html:472:

  internally linking to /posts/digital-doctor-dilemma-online-health-risks/, which does not exist

* At ./_site/2023/08/23/how-hvac-maintenance-impacts-health.html:477:

  internally linking to /posts/healthy-after-65/, which does not exist

* At ./_site/2023/08/23/how-hvac-maintenance-impacts-health.html:482:

  internally linking to /posts/alleviate-nausea/, which does not exist

* At ./_site/2023/08/23/how-hvac-maintenance-impacts-health.html:484:

  internally linking to /posts/sleep-apnea/, which does not exist

* At ./_site/2023/08/30/family-health-vaccines-choosing-pharmacies-or-clinics-for-care.html:187:

  internally linking to /2023, which does not exist

* At ./_site/2023/08/30/family-health-vaccines-choosing-pharmacies-or-clinics-for-care.html:197:

  internally linking to /08, which does not exist

* At ./_site/2023/08/30/family-health-vaccines-choosing-pharmacies-or-clinics-for-care.html:207:

  internally linking to /30, which does not exist

* At ./_site/2023/09/04/grains-friend-or-foe-whole-grains-and-health.html:187:

  internally linking to /2023, which does not exist

* At ./_site/2023/09/04/grains-friend-or-foe-whole-grains-and-health.html:197:

  internally linking to /09, which does not exist

* At ./_site/2023/09/04/grains-friend-or-foe-whole-grains-and-health.html:207:

  internally linking to /04, which does not exist

* At ./_site/2023/09/04/grains-friend-or-foe-whole-grains-and-health.html:646:

  internally linking to /posts/alzheimers-type-3-diabetes-insulin-resistance/, which does not exist

* At ./_site/2023/09/04/grains-friend-or-foe-whole-grains-and-health.html:911:

  internally linking to /posts/alzheimers-type-3-diabetes-insulin-resistance/, which does not exist

* At ./_site/2023/09/04/how-to-stay-keto-on-a-budget-17-easy-tips.html:187:

  internally linking to /2023, which does not exist

* At ./_site/2023/09/04/how-to-stay-keto-on-a-budget-17-easy-tips.html:197:

  internally linking to /09, which does not exist

* At ./_site/2023/09/04/how-to-stay-keto-on-a-budget-17-easy-tips.html:207:

  internally linking to /04, which does not exist

* At ./_site/2023/09/06/stimulant-laxatives-use-with-caution.html:187:

  internally linking to /2023, which does not exist

* At ./_site/2023/09/06/stimulant-laxatives-use-with-caution.html:197:

  internally linking to /09, which does not exist

* At ./_site/2023/09/06/stimulant-laxatives-use-with-caution.html:207:

  internally linking to /06, which does not exist

* At ./_site/2023/09/11/oxalates-do-they-may-cause-health-issues.html:242:

  internally linking to /2023, which does not exist

* At ./_site/2023/09/11/oxalates-do-they-may-cause-health-issues.html:252:

  internally linking to /09, which does not exist

* At ./_site/2023/09/11/oxalates-do-they-may-cause-health-issues.html:262:

  internally linking to /11, which does not exist

* At ./_site/2023/09/13/should-seniors-take-vitamins-evidencebased-guidance.html:187:

  internally linking to /2023, which does not exist

* At ./_site/2023/09/13/should-seniors-take-vitamins-evidencebased-guidance.html:197:

  internally linking to /09, which does not exist

* At ./_site/2023/09/13/should-seniors-take-vitamins-evidencebased-guidance.html:207:

  internally linking to /13, which does not exist

* At ./_site/2023/09/16/craft-a-safe-effective-exercise-plan-for-your-goals.html:187:

  internally linking to /2023, which does not exist

* At ./_site/2023/09/16/craft-a-safe-effective-exercise-plan-for-your-goals.html:197:

  internally linking to /09, which does not exist

* At ./_site/2023/09/16/craft-a-safe-effective-exercise-plan-for-your-goals.html:207:

  internally linking to /16, which does not exist

* At ./_site/2023/09/19/navigating-the-canned-soup-nutritional-minefield.html:187:

  internally linking to /2023, which does not exist

* At ./_site/2023/09/19/navigating-the-canned-soup-nutritional-minefield.html:197:

  internally linking to /09, which does not exist

* At ./_site/2023/09/19/navigating-the-canned-soup-nutritional-minefield.html:207:

  internally linking to /19, which does not exist

* At ./_site/2023/09/20/chitin-for-digestion-and-weight-loss-benefits-risks-and-evidence.html:187:

  internally linking to /2023, which does not exist

* At ./_site/2023/09/20/chitin-for-digestion-and-weight-loss-benefits-risks-and-evidence.html:197:

  internally linking to /09, which does not exist

* At ./_site/2023/09/20/chitin-for-digestion-and-weight-loss-benefits-risks-and-evidence.html:207:

  internally linking to /20, which does not exist

* At ./_site/2023/09/23/vaccines-after-50-to-stay-healthy-and-safe.html:187:

  internally linking to /2023, which does not exist

* At ./_site/2023/09/23/vaccines-after-50-to-stay-healthy-and-safe.html:197:

  internally linking to /09, which does not exist

* At ./_site/2023/09/23/vaccines-after-50-to-stay-healthy-and-safe.html:207:

  internally linking to /23, which does not exist

* At ./_site/2023/09/27/psoriasis-causes-symptoms-and-treatments.html:187:

  internally linking to /2023, which does not exist

* At ./_site/2023/09/27/psoriasis-causes-symptoms-and-treatments.html:197:

  internally linking to /09, which does not exist

* At ./_site/2023/09/27/psoriasis-causes-symptoms-and-treatments.html:207:

  internally linking to /27, which does not exist

* At ./_site/2023/09/28/afraid-of-the-doctor-you-might-have-iatrophobia.html:187:

  internally linking to /2023, which does not exist

* At ./_site/2023/09/28/afraid-of-the-doctor-you-might-have-iatrophobia.html:197:

  internally linking to /09, which does not exist

* At ./_site/2023/09/28/afraid-of-the-doctor-you-might-have-iatrophobia.html:207:

  internally linking to /28, which does not exist

* At ./_site/2023/10/07/how-to-food-safety-storage-and-waste-prevention.html:187:

  internally linking to /2023, which does not exist

* At ./_site/2023/10/07/how-to-food-safety-storage-and-waste-prevention.html:197:

  internally linking to /10, which does not exist

* At ./_site/2023/10/07/how-to-food-safety-storage-and-waste-prevention.html:207:

  internally linking to /07, which does not exist

* At ./_site/2023/10/08/gluten-linked-issues-you-may-not-know.html:187:

  internally linking to /2023, which does not exist

* At ./_site/2023/10/08/gluten-linked-issues-you-may-not-know.html:197:

  internally linking to /10, which does not exist

* At ./_site/2023/10/08/gluten-linked-issues-you-may-not-know.html:207:

  internally linking to /08, which does not exist

* At ./_site/2023/10/10/dont-ignore-the-warning-signs-of-type-2-diabetes.html:187:

  internally linking to /2023, which does not exist

* At ./_site/2023/10/10/dont-ignore-the-warning-signs-of-type-2-diabetes.html:197:

  internally linking to /10, which does not exist

* At ./_site/2023/10/10/dont-ignore-the-warning-signs-of-type-2-diabetes.html:207:

  internally linking to /10, which does not exist

* At ./_site/2023/10/18/let-it-rip-the-healthy-truth-about-farting.html:187:

  internally linking to /2023, which does not exist

* At ./_site/2023/10/18/let-it-rip-the-healthy-truth-about-farting.html:197:

  internally linking to /10, which does not exist

* At ./_site/2023/10/18/let-it-rip-the-healthy-truth-about-farting.html:207:

  internally linking to /18, which does not exist

* At ./_site/2023/10/20/the-5-biggest-medical-breakthroughs-of-the-past-5-years.html:187:

  internally linking to /2023, which does not exist

* At ./_site/2023/10/20/the-5-biggest-medical-breakthroughs-of-the-past-5-years.html:197:

  internally linking to /10, which does not exist

* At ./_site/2023/10/20/the-5-biggest-medical-breakthroughs-of-the-past-5-years.html:207:

  internally linking to /20, which does not exist

* At ./_site/2023/10/29/sustainable-living-a-green-healthy-life-that-truly-lasts.html:187:

  internally linking to /2023, which does not exist

* At ./_site/2023/10/29/sustainable-living-a-green-healthy-life-that-truly-lasts.html:197:

  internally linking to /10, which does not exist

* At ./_site/2023/10/29/sustainable-living-a-green-healthy-life-that-truly-lasts.html:207:

  internally linking to /29, which does not exist

* At ./_site/2023/11/05/the-science-of-turning-back-the-clock-modern-aging-advances.html:187:

  internally linking to /2023, which does not exist

* At ./_site/2023/11/05/the-science-of-turning-back-the-clock-modern-aging-advances.html:197:

  internally linking to /11, which does not exist

* At ./_site/2023/11/05/the-science-of-turning-back-the-clock-modern-aging-advances.html:207:

  internally linking to /05, which does not exist

* At ./_site/2023/11/06/medicare-basics-for-aging-adults-coverage-costs-enrollment.html:187:

  internally linking to /2023, which does not exist

* At ./_site/2023/11/06/medicare-basics-for-aging-adults-coverage-costs-enrollment.html:197:

  internally linking to /11, which does not exist

* At ./_site/2023/11/06/medicare-basics-for-aging-adults-coverage-costs-enrollment.html:207:

  internally linking to /06, which does not exist

* At ./_site/2023/11/11/interesting-medical-facts-to-know-about.html:187:

  internally linking to /2023, which does not exist

* At ./_site/2023/11/11/interesting-medical-facts-to-know-about.html:197:

  internally linking to /11, which does not exist

* At ./_site/2023/11/11/interesting-medical-facts-to-know-about.html:207:

  internally linking to /11, which does not exist

* At ./_site/2023/11/12/aging-top-ten-things-medicare-does-not-cover.html:187:

  internally linking to /2023, which does not exist

* At ./_site/2023/11/12/aging-top-ten-things-medicare-does-not-cover.html:197:

  internally linking to /11, which does not exist

* At ./_site/2023/11/12/aging-top-ten-things-medicare-does-not-cover.html:207:

  internally linking to /12, which does not exist

* At ./_site/2023/11/13/top-ten-long-term-care-tips-to-know.html:187:

  internally linking to /2023, which does not exist

* At ./_site/2023/11/13/top-ten-long-term-care-tips-to-know.html:197:

  internally linking to /11, which does not exist

* At ./_site/2023/11/13/top-ten-long-term-care-tips-to-know.html:207:

  internally linking to /13, which does not exist

* At ./_site/2023/11/16/the-human-body-10-rare-and-intriguing-medical-facts.html:187:

  internally linking to /2023, which does not exist

* At ./_site/2023/11/16/the-human-body-10-rare-and-intriguing-medical-facts.html:197:

  internally linking to /11, which does not exist

* At ./_site/2023/11/16/the-human-body-10-rare-and-intriguing-medical-facts.html:207:

  internally linking to /16, which does not exist

* At ./_site/2023/11/18/reality-vs-perception-the-fabric-of-our-experiences.html:187:

  internally linking to /2023, which does not exist

* At ./_site/2023/11/18/reality-vs-perception-the-fabric-of-our-experiences.html:197:

  internally linking to /11, which does not exist

* At ./_site/2023/11/18/reality-vs-perception-the-fabric-of-our-experiences.html:207:

  internally linking to /18, which does not exist

* At ./_site/2023/11/30/ten-signs-you-might-not-be-eating-enough-protein.html:187:

  internally linking to /2023, which does not exist

* At ./_site/2023/11/30/ten-signs-you-might-not-be-eating-enough-protein.html:197:

  internally linking to /11, which does not exist

* At ./_site/2023/11/30/ten-signs-you-might-not-be-eating-enough-protein.html:207:

  internally linking to /30, which does not exist

* At ./_site/2023/12/01/what-foods-can-lower-or-raise-testosterone-levels.html:187:

  internally linking to /2023, which does not exist

* At ./_site/2023/12/01/what-foods-can-lower-or-raise-testosterone-levels.html:197:

  internally linking to /12, which does not exist

* At ./_site/2023/12/01/what-foods-can-lower-or-raise-testosterone-levels.html:207:

  internally linking to /01, which does not exist

* At ./_site/2023/12/05/top-ten-reasons-to-walk-everyday.html:187:

  internally linking to /2023, which does not exist

* At ./_site/2023/12/05/top-ten-reasons-to-walk-everyday.html:197:

  internally linking to /12, which does not exist

* At ./_site/2023/12/05/top-ten-reasons-to-walk-everyday.html:207:

  internally linking to /05, which does not exist

* At ./_site/2023/12/10/five-bizarre-medical-mysteries-that-have-baffled-scientists.html:187:

  internally linking to /2023, which does not exist

* At ./_site/2023/12/10/five-bizarre-medical-mysteries-that-have-baffled-scientists.html:197:

  internally linking to /12, which does not exist

* At ./_site/2023/12/10/five-bizarre-medical-mysteries-that-have-baffled-scientists.html:207:

  internally linking to /10, which does not exist

* At ./_site/2023/12/10/the-wisdom-journey-reflections-on-lifes-trek.html:187:

  internally linking to /2023, which does not exist

* At ./_site/2023/12/10/the-wisdom-journey-reflections-on-lifes-trek.html:197:

  internally linking to /12, which does not exist

* At ./_site/2023/12/10/the-wisdom-journey-reflections-on-lifes-trek.html:207:

  internally linking to /10, which does not exist

* At ./_site/2023/12/14/managing-high-blood-pressure-in-older-adults.html:187:

  internally linking to /2023, which does not exist

* At ./_site/2023/12/14/managing-high-blood-pressure-in-older-adults.html:197:

  internally linking to /12, which does not exist

* At ./_site/2023/12/14/managing-high-blood-pressure-in-older-adults.html:207:

  internally linking to /14, which does not exist

* At ./_site/2023/12/16/9-tips-healthy-aging.html:187:

  internally linking to /2023, which does not exist

* At ./_site/2023/12/16/9-tips-healthy-aging.html:197:

  internally linking to /12, which does not exist

* At ./_site/2023/12/16/9-tips-healthy-aging.html:207:

  internally linking to /16, which does not exist

* At ./_site/2023/12/16/leaky-gut-syndrome-fact-fiction.html:187:

  internally linking to /2023, which does not exist

* At ./_site/2023/12/16/leaky-gut-syndrome-fact-fiction.html:197:

  internally linking to /12, which does not exist

* At ./_site/2023/12/16/leaky-gut-syndrome-fact-fiction.html:207:

  internally linking to /16, which does not exist

* At ./_site/2023/12/16/unlocking-the-secrets-to-a-successful-doctor-visit.html:187:

  internally linking to /2023, which does not exist

* At ./_site/2023/12/16/unlocking-the-secrets-to-a-successful-doctor-visit.html:197:

  internally linking to /12, which does not exist

* At ./_site/2023/12/16/unlocking-the-secrets-to-a-successful-doctor-visit.html:207:

  internally linking to /16, which does not exist

* At ./_site/2023/12/18/social-security-2025-your-guide-to-upcoming-changes.html:187:

  internally linking to /2023, which does not exist

* At ./_site/2023/12/18/social-security-2025-your-guide-to-upcoming-changes.html:197:

  internally linking to /12, which does not exist

* At ./_site/2023/12/18/social-security-2025-your-guide-to-upcoming-changes.html:207:

  internally linking to /18, which does not exist

* At ./_site/2023/12/21/local-food-movement-benefits.html:187:

  internally linking to /2023, which does not exist

* At ./_site/2023/12/21/local-food-movement-benefits.html:197:

  internally linking to /12, which does not exist

* At ./_site/2023/12/21/local-food-movement-benefits.html:207:

  internally linking to /21, which does not exist

* At ./_site/2023/12/21/prison-study-women-punished-more-minor-violations.html:187:

  internally linking to /2023, which does not exist

* At ./_site/2023/12/21/prison-study-women-punished-more-minor-violations.html:197:

  internally linking to /12, which does not exist

* At ./_site/2023/12/21/prison-study-women-punished-more-minor-violations.html:207:

  internally linking to /21, which does not exist

* At ./_site/2024/01/01/pneumonia-season-facts-to-know-the-essential-insights.html:187:

  internally linking to /2024, which does not exist

* At ./_site/2024/01/01/pneumonia-season-facts-to-know-the-essential-insights.html:197:

  internally linking to /01, which does not exist

* At ./_site/2024/01/01/pneumonia-season-facts-to-know-the-essential-insights.html:207:

  internally linking to /01, which does not exist

* At ./_site/2024/01/02/autoimmune-diseases-women-gender-gap.html:187:

  internally linking to /2024, which does not exist

* At ./_site/2024/01/02/autoimmune-diseases-women-gender-gap.html:197:

  internally linking to /01, which does not exist

* At ./_site/2024/01/02/autoimmune-diseases-women-gender-gap.html:207:

  internally linking to /02, which does not exist

* At ./_site/2024/01/03/universal-healthcare-a-necessary-debate-for-america.html:187:

  internally linking to /2024, which does not exist

* At ./_site/2024/01/03/universal-healthcare-a-necessary-debate-for-america.html:197:

  internally linking to /01, which does not exist

* At ./_site/2024/01/03/universal-healthcare-a-necessary-debate-for-america.html:207:

  internally linking to /03, which does not exist

* At ./_site/2024/01/04/comprehensive-metabolic-panel-cmp.html:187:

  internally linking to /2024, which does not exist

* At ./_site/2024/01/04/comprehensive-metabolic-panel-cmp.html:197:

  internally linking to /01, which does not exist

* At ./_site/2024/01/04/comprehensive-metabolic-panel-cmp.html:207:

  internally linking to /04, which does not exist

* At ./_site/2024/01/05/muscular-hypertrophy-own-the-secret-of-building-muscles.html:187:

  internally linking to /2024, which does not exist

* At ./_site/2024/01/05/muscular-hypertrophy-own-the-secret-of-building-muscles.html:197:

  internally linking to /01, which does not exist

* At ./_site/2024/01/05/muscular-hypertrophy-own-the-secret-of-building-muscles.html:207:

  internally linking to /05, which does not exist

* At ./_site/2024/01/05/sepsis-a-medical-emergency-you-cant-ignore.html:187:

  internally linking to /2024, which does not exist

* At ./_site/2024/01/05/sepsis-a-medical-emergency-you-cant-ignore.html:197:

  internally linking to /01, which does not exist

* At ./_site/2024/01/05/sepsis-a-medical-emergency-you-cant-ignore.html:207:

  internally linking to /05, which does not exist

* At ./_site/2024/01/07/kidneys-your-unsung-heroes.html:187:

  internally linking to /2024, which does not exist

* At ./_site/2024/01/07/kidneys-your-unsung-heroes.html:197:

  internally linking to /01, which does not exist

* At ./_site/2024/01/07/kidneys-your-unsung-heroes.html:207:

  internally linking to /07, which does not exist

* At ./_site/2024/01/09/fitness-after-fifty-data-longevity.html:187:

  internally linking to /2024, which does not exist

* At ./_site/2024/01/09/fitness-after-fifty-data-longevity.html:197:

  internally linking to /01, which does not exist

* At ./_site/2024/01/09/fitness-after-fifty-data-longevity.html:207:

  internally linking to /09, which does not exist

* At ./_site/2024/01/09/skipping-breakfast-myth-vs-fact-healthy-or-not.html:187:

  internally linking to /2024, which does not exist

* At ./_site/2024/01/09/skipping-breakfast-myth-vs-fact-healthy-or-not.html:197:

  internally linking to /01, which does not exist

* At ./_site/2024/01/09/skipping-breakfast-myth-vs-fact-healthy-or-not.html:207:

  internally linking to /09, which does not exist

* At ./_site/2024/01/09/social-economics-and-its-impact-on-our-world.html:187:

  internally linking to /2024, which does not exist

* At ./_site/2024/01/09/social-economics-and-its-impact-on-our-world.html:197:

  internally linking to /01, which does not exist

* At ./_site/2024/01/09/social-economics-and-its-impact-on-our-world.html:207:

  internally linking to /09, which does not exist

* At ./_site/2024/01/15/amplifying-life-hearing-aids-and-dementia-connection.html:187:

  internally linking to /2024, which does not exist

* At ./_site/2024/01/15/amplifying-life-hearing-aids-and-dementia-connection.html:197:

  internally linking to /01, which does not exist

* At ./_site/2024/01/15/amplifying-life-hearing-aids-and-dementia-connection.html:207:

  internally linking to /15, which does not exist

* At ./_site/2024/01/17/effective-ways-to-alleviate-nausea.html:187:

  internally linking to /2024, which does not exist

* At ./_site/2024/01/17/effective-ways-to-alleviate-nausea.html:197:

  internally linking to /01, which does not exist

* At ./_site/2024/01/17/effective-ways-to-alleviate-nausea.html:207:

  internally linking to /17, which does not exist

* At ./_site/2024/01/17/seniors-medicare-advantage-plans.html:187:

  internally linking to /2024, which does not exist

* At ./_site/2024/01/17/seniors-medicare-advantage-plans.html:197:

  internally linking to /01, which does not exist

* At ./_site/2024/01/17/seniors-medicare-advantage-plans.html:207:

  internally linking to /17, which does not exist

* At ./_site/2024/01/17/seniors-medicare-advantage-plans.html:512:

  internally linking to /posts/diabetes-heart-attack-survivor-lessons/, which does not exist

* At ./_site/2024/01/17/seniors-medicare-advantage-plans.html:513:

  internally linking to /posts/alzheimers-type-3-diabetes-insulin-resistance/, which does not exist

* At ./_site/2024/01/17/seniors-medicare-advantage-plans.html:673:

  internally linking to /posts/diabetes-heart-attack-survivor-lessons/, which does not exist

* At ./_site/2024/01/17/seniors-medicare-advantage-plans.html:674:

  internally linking to /posts/alzheimers-type-3-diabetes-insulin-resistance/, which does not exist

* At ./_site/2024/01/17/watchman-device-minimally-invasive-heart-technology.html:187:

  internally linking to /2024, which does not exist

* At ./_site/2024/01/17/watchman-device-minimally-invasive-heart-technology.html:197:

  internally linking to /01, which does not exist

* At ./_site/2024/01/17/watchman-device-minimally-invasive-heart-technology.html:207:

  internally linking to /17, which does not exist

* At ./_site/2024/01/20/autoimmune-arthritis-types-symptoms.html:187:

  internally linking to /2024, which does not exist

* At ./_site/2024/01/20/autoimmune-arthritis-types-symptoms.html:197:

  internally linking to /01, which does not exist

* At ./_site/2024/01/20/autoimmune-arthritis-types-symptoms.html:207:

  internally linking to /20, which does not exist

* At ./_site/2024/01/21/frozen-shoulder-treatment-options.html:187:

  internally linking to /2024, which does not exist

* At ./_site/2024/01/21/frozen-shoulder-treatment-options.html:197:

  internally linking to /01, which does not exist

* At ./_site/2024/01/21/frozen-shoulder-treatment-options.html:207:

  internally linking to /21, which does not exist

* At ./_site/2024/01/21/frozen-shoulder-treatment-options.html:473:

  internally linking to /posts/alzheimers-type-3-diabetes-insulin-resistance/, which does not exist

* At ./_site/2024/01/21/frozen-shoulder-treatment-options.html:595:

  internally linking to /posts/alzheimers-type-3-diabetes-insulin-resistance/, which does not exist

* At ./_site/2024/01/21/physical-therapy-autoimmune-arthritis.html:187:

  internally linking to /2024, which does not exist

* At ./_site/2024/01/21/physical-therapy-autoimmune-arthritis.html:197:

  internally linking to /01, which does not exist

* At ./_site/2024/01/21/physical-therapy-autoimmune-arthritis.html:207:

  internally linking to /21, which does not exist

* At ./_site/2024/01/22/autoimmune-arthritis-2026-roadmap.html:187:

  internally linking to /2024, which does not exist

* At ./_site/2024/01/22/autoimmune-arthritis-2026-roadmap.html:197:

  internally linking to /01, which does not exist

* At ./_site/2024/01/22/autoimmune-arthritis-2026-roadmap.html:207:

  internally linking to /22, which does not exist

* At ./_site/2024/01/30/exploring-link-between-psoriasis-and-sleep.html:187:

  internally linking to /2024, which does not exist

* At ./_site/2024/01/30/exploring-link-between-psoriasis-and-sleep.html:197:

  internally linking to /01, which does not exist

* At ./_site/2024/01/30/exploring-link-between-psoriasis-and-sleep.html:207:

  internally linking to /30, which does not exist

* At ./_site/2024/01/30/the-arthritis-diet-what-to-leave-off-your-plate.html:187:

  internally linking to /2024, which does not exist

* At ./_site/2024/01/30/the-arthritis-diet-what-to-leave-off-your-plate.html:197:

  internally linking to /01, which does not exist

* At ./_site/2024/01/30/the-arthritis-diet-what-to-leave-off-your-plate.html:207:

  internally linking to /30, which does not exist

* At ./_site/2024/02/01/strong-bones-build-stronger-denser-bones.html:187:

  internally linking to /2024, which does not exist

* At ./_site/2024/02/01/strong-bones-build-stronger-denser-bones.html:197:

  internally linking to /02, which does not exist

* At ./_site/2024/02/01/strong-bones-build-stronger-denser-bones.html:207:

  internally linking to /01, which does not exist

* At ./_site/2024/02/03/our-poor-night-vision-driving-and-seeing-in-the-dark.html:187:

  internally linking to /2024, which does not exist

* At ./_site/2024/02/03/our-poor-night-vision-driving-and-seeing-in-the-dark.html:197:

  internally linking to /02, which does not exist

* At ./_site/2024/02/03/our-poor-night-vision-driving-and-seeing-in-the-dark.html:207:

  internally linking to /03, which does not exist

* At ./_site/2024/02/03/protecting-older-adults-from-falling-victim-to-scams.html:187:

  internally linking to /2024, which does not exist

* At ./_site/2024/02/03/protecting-older-adults-from-falling-victim-to-scams.html:197:

  internally linking to /02, which does not exist

* At ./_site/2024/02/03/protecting-older-adults-from-falling-victim-to-scams.html:207:

  internally linking to /03, which does not exist

* At ./_site/2024/02/04/nias-50-year-history-of-aging-and-alzheimers-research.html:187:

  internally linking to /2024, which does not exist

* At ./_site/2024/02/04/nias-50-year-history-of-aging-and-alzheimers-research.html:197:

  internally linking to /02, which does not exist

* At ./_site/2024/02/04/nias-50-year-history-of-aging-and-alzheimers-research.html:207:

  internally linking to /04, which does not exist

* At ./_site/2024/02/12/mental-health-the-liver-and-cognitive-ability-link.html:187:

  internally linking to /2024, which does not exist

* At ./_site/2024/02/12/mental-health-the-liver-and-cognitive-ability-link.html:197:

  internally linking to /02, which does not exist

* At ./_site/2024/02/12/mental-health-the-liver-and-cognitive-ability-link.html:207:

  internally linking to /12, which does not exist

* At ./_site/2024/02/12/silent-symptoms-of-dementia-early-detection.html:187:

  internally linking to /2024, which does not exist

* At ./_site/2024/02/12/silent-symptoms-of-dementia-early-detection.html:197:

  internally linking to /02, which does not exist

* At ./_site/2024/02/12/silent-symptoms-of-dementia-early-detection.html:207:

  internally linking to /12, which does not exist

* At ./_site/2024/02/18/atrial-fibrillation-causes-symptoms-and-treatments.html:187:

  internally linking to /2024, which does not exist

* At ./_site/2024/02/18/atrial-fibrillation-causes-symptoms-and-treatments.html:197:

  internally linking to /02, which does not exist

* At ./_site/2024/02/18/atrial-fibrillation-causes-symptoms-and-treatments.html:207:

  internally linking to /18, which does not exist

* At ./_site/2024/02/18/top-senior-health-crises-causes-and-solutions.html:187:

  internally linking to /2024, which does not exist

* At ./_site/2024/02/18/top-senior-health-crises-causes-and-solutions.html:197:

  internally linking to /02, which does not exist

* At ./_site/2024/02/18/top-senior-health-crises-causes-and-solutions.html:207:

  internally linking to /18, which does not exist

* At ./_site/2024/02/27/senior-health-the-role-of-nutrition-in-aging-well.html:187:

  internally linking to /2024, which does not exist

* At ./_site/2024/02/27/senior-health-the-role-of-nutrition-in-aging-well.html:197:

  internally linking to /02, which does not exist

* At ./_site/2024/02/27/senior-health-the-role-of-nutrition-in-aging-well.html:207:

  internally linking to /27, which does not exist

* At ./_site/2024/02/29/anti-aging-news-lab-grown-retinas-brain-tissue-3d.html:187:

  internally linking to /2024, which does not exist

* At ./_site/2024/02/29/anti-aging-news-lab-grown-retinas-brain-tissue-3d.html:197:

  internally linking to /02, which does not exist

* At ./_site/2024/02/29/anti-aging-news-lab-grown-retinas-brain-tissue-3d.html:207:

  internally linking to /29, which does not exist

* At ./_site/2024/03/01/frontotemporal-dementia-unique-memory-loss.html:187:

  internally linking to /2024, which does not exist

* At ./_site/2024/03/01/frontotemporal-dementia-unique-memory-loss.html:197:

  internally linking to /03, which does not exist

* At ./_site/2024/03/01/frontotemporal-dementia-unique-memory-loss.html:207:

  internally linking to /01, which does not exist

* At ./_site/2024/03/03/ai-in-aging-healthcare-how-google-is-changing-longevity.html:187:

  internally linking to /2024, which does not exist

* At ./_site/2024/03/03/ai-in-aging-healthcare-how-google-is-changing-longevity.html:197:

  internally linking to /03, which does not exist

* At ./_site/2024/03/03/ai-in-aging-healthcare-how-google-is-changing-longevity.html:207:

  internally linking to /03, which does not exist

* At ./_site/2024/03/05/tummy-troubles-helpful-home-remedies-for-diarrhea.html:187:

  internally linking to /2024, which does not exist

* At ./_site/2024/03/05/tummy-troubles-helpful-home-remedies-for-diarrhea.html:197:

  internally linking to /03, which does not exist

* At ./_site/2024/03/05/tummy-troubles-helpful-home-remedies-for-diarrhea.html:207:

  internally linking to /05, which does not exist

* At ./_site/2024/03/06/healthspan-not-only-living-long-but-living-well.html:187:

  internally linking to /2024, which does not exist

* At ./_site/2024/03/06/healthspan-not-only-living-long-but-living-well.html:197:

  internally linking to /03, which does not exist

* At ./_site/2024/03/06/healthspan-not-only-living-long-but-living-well.html:207:

  internally linking to /06, which does not exist

* At ./_site/2024/03/06/healthspan-not-only-living-long-but-living-well.html:520:

  internally linking to cardiovascular issues, which does not exist

* At ./_site/2024/03/06/healthspan-not-only-living-long-but-living-well.html:780:

  internally linking to cardiovascular issues, which does not exist

* At ./_site/2024/03/07/chronic-inflammation-causes-symptoms-and-solutions.html:187:

  internally linking to /2024, which does not exist

* At ./_site/2024/03/07/chronic-inflammation-causes-symptoms-and-solutions.html:197:

  internally linking to /03, which does not exist

* At ./_site/2024/03/07/chronic-inflammation-causes-symptoms-and-solutions.html:207:

  internally linking to /07, which does not exist

* At ./_site/2024/03/07/five-fascinating-insights-into-the-power-of-your-brain.html:187:

  internally linking to /2024, which does not exist

* At ./_site/2024/03/07/five-fascinating-insights-into-the-power-of-your-brain.html:197:

  internally linking to /03, which does not exist

* At ./_site/2024/03/07/five-fascinating-insights-into-the-power-of-your-brain.html:207:

  internally linking to /07, which does not exist

* At ./_site/2024/03/08/afib-stroke-connection-a-simple-health-guide.html:187:

  internally linking to /2024, which does not exist

* At ./_site/2024/03/08/afib-stroke-connection-a-simple-health-guide.html:197:

  internally linking to /03, which does not exist

* At ./_site/2024/03/08/afib-stroke-connection-a-simple-health-guide.html:207:

  internally linking to /08, which does not exist

* At ./_site/2024/03/09/edema-information-about-causes-and-effective-treatments.html:187:

  internally linking to /2024, which does not exist

* At ./_site/2024/03/09/edema-information-about-causes-and-effective-treatments.html:197:

  internally linking to /03, which does not exist

* At ./_site/2024/03/09/edema-information-about-causes-and-effective-treatments.html:207:

  internally linking to /09, which does not exist

* At ./_site/2024/03/09/questions-your-doctor-wants-you-to-ask-smarter-healthcare-decisions.html:187:

  internally linking to /2024, which does not exist

* At ./_site/2024/03/09/questions-your-doctor-wants-you-to-ask-smarter-healthcare-decisions.html:197:

  internally linking to /03, which does not exist

* At ./_site/2024/03/09/questions-your-doctor-wants-you-to-ask-smarter-healthcare-decisions.html:207:

  internally linking to /09, which does not exist

* At ./_site/2024/03/09/senior-care-options-home-care-assisted-living-or-nursing-home.html:187:

  internally linking to /2024, which does not exist

* At ./_site/2024/03/09/senior-care-options-home-care-assisted-living-or-nursing-home.html:197:

  internally linking to /03, which does not exist

* At ./_site/2024/03/09/senior-care-options-home-care-assisted-living-or-nursing-home.html:207:

  internally linking to /09, which does not exist

* At ./_site/2024/03/11/how-omega-3s-can-boost-your-lung-health.html:187:

  internally linking to /2024, which does not exist

* At ./_site/2024/03/11/how-omega-3s-can-boost-your-lung-health.html:197:

  internally linking to /03, which does not exist

* At ./_site/2024/03/11/how-omega-3s-can-boost-your-lung-health.html:207:

  internally linking to /11, which does not exist

* At ./_site/2024/03/13/five-historical-events-that-shaped-modern-medicine.html:187:

  internally linking to /2024, which does not exist

* At ./_site/2024/03/13/five-historical-events-that-shaped-modern-medicine.html:197:

  internally linking to /03, which does not exist

* At ./_site/2024/03/13/five-historical-events-that-shaped-modern-medicine.html:207:

  internally linking to /13, which does not exist

* At ./_site/2024/03/14/alzheimers-disease-early-signs-risk-factors-brain-health.html:187:

  internally linking to /2024, which does not exist

* At ./_site/2024/03/14/alzheimers-disease-early-signs-risk-factors-brain-health.html:197:

  internally linking to /03, which does not exist

* At ./_site/2024/03/14/alzheimers-disease-early-signs-risk-factors-brain-health.html:207:

  internally linking to /14, which does not exist

* At ./_site/2024/03/14/the-science-behind-gut-microbiome-and-weight-loss.html:187:

  internally linking to /2024, which does not exist

* At ./_site/2024/03/14/the-science-behind-gut-microbiome-and-weight-loss.html:197:

  internally linking to /03, which does not exist

* At ./_site/2024/03/14/the-science-behind-gut-microbiome-and-weight-loss.html:207:

  internally linking to /14, which does not exist

* At ./_site/2024/03/14/ultra-processed-foods-hidden-dangers-and-how-to-avoid-them.html:187:

  internally linking to /2024, which does not exist

* At ./_site/2024/03/14/ultra-processed-foods-hidden-dangers-and-how-to-avoid-them.html:197:

  internally linking to /03, which does not exist

* At ./_site/2024/03/14/ultra-processed-foods-hidden-dangers-and-how-to-avoid-them.html:207:

  internally linking to /14, which does not exist

* At ./_site/2024/03/15/internal-medicine-a-cornerstone-of-adult-healthcare.html:187:

  internally linking to /2024, which does not exist

* At ./_site/2024/03/15/internal-medicine-a-cornerstone-of-adult-healthcare.html:197:

  internally linking to /03, which does not exist

* At ./_site/2024/03/15/internal-medicine-a-cornerstone-of-adult-healthcare.html:207:

  internally linking to /15, which does not exist

* At ./_site/2024/03/16/avoid-norovirus-proven-strategies-for-to-stay-safe.html:187:

  internally linking to /2024, which does not exist

* At ./_site/2024/03/16/avoid-norovirus-proven-strategies-for-to-stay-safe.html:197:

  internally linking to /03, which does not exist

* At ./_site/2024/03/16/avoid-norovirus-proven-strategies-for-to-stay-safe.html:207:

  internally linking to /16, which does not exist

* At ./_site/2024/03/16/defying-age-secrets-to-thriving-health-past-65.html:187:

  internally linking to /2024, which does not exist

* At ./_site/2024/03/16/defying-age-secrets-to-thriving-health-past-65.html:197:

  internally linking to /03, which does not exist

* At ./_site/2024/03/16/defying-age-secrets-to-thriving-health-past-65.html:207:

  internally linking to /16, which does not exist

* At ./_site/2024/03/19/exploring-vitamin-ds-role-in-senior-health.html:187:

  internally linking to /2024, which does not exist

* At ./_site/2024/03/19/exploring-vitamin-ds-role-in-senior-health.html:197:

  internally linking to /03, which does not exist

* At ./_site/2024/03/19/exploring-vitamin-ds-role-in-senior-health.html:207:

  internally linking to /19, which does not exist

* At ./_site/2024/03/19/senior-health-management.html:187:

  internally linking to /2024, which does not exist

* At ./_site/2024/03/19/senior-health-management.html:197:

  internally linking to /03, which does not exist

* At ./_site/2024/03/19/senior-health-management.html:207:

  internally linking to /19, which does not exist

* At ./_site/2024/03/22/cataract-surgery-seniors-guide.html:187:

  internally linking to /2024, which does not exist

* At ./_site/2024/03/22/cataract-surgery-seniors-guide.html:197:

  internally linking to /03, which does not exist

* At ./_site/2024/03/22/cataract-surgery-seniors-guide.html:207:

  internally linking to /22, which does not exist

* At ./_site/2024/03/22/the-silent-epidemic-recognizing-undiagnosed-mild-cognitive-impairment.html:187:

  internally linking to /2024, which does not exist

* At ./_site/2024/03/22/the-silent-epidemic-recognizing-undiagnosed-mild-cognitive-impairment.html:197:

  internally linking to /03, which does not exist

* At ./_site/2024/03/22/the-silent-epidemic-recognizing-undiagnosed-mild-cognitive-impairment.html:207:

  internally linking to /22, which does not exist

* At ./_site/2024/03/23/hearing-aids-necessity-cognitive-health.html:187:

  internally linking to /2024, which does not exist

* At ./_site/2024/03/23/hearing-aids-necessity-cognitive-health.html:197:

  internally linking to /03, which does not exist

* At ./_site/2024/03/23/hearing-aids-necessity-cognitive-health.html:207:

  internally linking to /23, which does not exist

* At ./_site/2024/03/23/why-family-medicine-is-your-key-to-lifelong-health.html:187:

  internally linking to /2024, which does not exist

* At ./_site/2024/03/23/why-family-medicine-is-your-key-to-lifelong-health.html:197:

  internally linking to /03, which does not exist

* At ./_site/2024/03/23/why-family-medicine-is-your-key-to-lifelong-health.html:207:

  internally linking to /23, which does not exist

* At ./_site/2024/03/24/nurse-practitioner-vs-physician-assistant-decoding-healthcare-roles.html:187:

  internally linking to /2024, which does not exist

* At ./_site/2024/03/24/nurse-practitioner-vs-physician-assistant-decoding-healthcare-roles.html:197:

  internally linking to /03, which does not exist

* At ./_site/2024/03/24/nurse-practitioner-vs-physician-assistant-decoding-healthcare-roles.html:207:

  internally linking to /24, which does not exist

* At ./_site/2024/03/25/sweet-study-sugar-substitutes-and-artificial-sweeteners.html:187:

  internally linking to /2024, which does not exist

* At ./_site/2024/03/25/sweet-study-sugar-substitutes-and-artificial-sweeteners.html:197:

  internally linking to /03, which does not exist

* At ./_site/2024/03/25/sweet-study-sugar-substitutes-and-artificial-sweeteners.html:207:

  internally linking to /25, which does not exist

* At ./_site/2024/03/26/understanding-aphasia-causes-symptoms-and-treatments.html:187:

  internally linking to /2024, which does not exist

* At ./_site/2024/03/26/understanding-aphasia-causes-symptoms-and-treatments.html:197:

  internally linking to /03, which does not exist

* At ./_site/2024/03/26/understanding-aphasia-causes-symptoms-and-treatments.html:207:

  internally linking to /26, which does not exist

* At ./_site/2024/03/30/powerful-eye-care-tips-for-crystal-clear-vision.html:187:

  internally linking to /2024, which does not exist

* At ./_site/2024/03/30/powerful-eye-care-tips-for-crystal-clear-vision.html:197:

  internally linking to /03, which does not exist

* At ./_site/2024/03/30/powerful-eye-care-tips-for-crystal-clear-vision.html:207:

  internally linking to /30, which does not exist

* At ./_site/2024/04/04/cultivating-critical-thinking-skills-and-self-awareness.html:187:

  internally linking to /2024, which does not exist

* At ./_site/2024/04/04/cultivating-critical-thinking-skills-and-self-awareness.html:197:

  internally linking to /04, which does not exist

* At ./_site/2024/04/04/cultivating-critical-thinking-skills-and-self-awareness.html:207:

  internally linking to /04, which does not exist

* At ./_site/2024/04/09/psoriasis-comorbidities-link-to-systemic-inflammation-and-traes.html:187:

  internally linking to /2024, which does not exist

* At ./_site/2024/04/09/psoriasis-comorbidities-link-to-systemic-inflammation-and-traes.html:197:

  internally linking to /04, which does not exist

* At ./_site/2024/04/09/psoriasis-comorbidities-link-to-systemic-inflammation-and-traes.html:207:

  internally linking to /09, which does not exist

* At ./_site/2024/04/13/is-variceal-hemorrhage-life-threatening-in-liver-disease.html:187:

  internally linking to /2024, which does not exist

* At ./_site/2024/04/13/is-variceal-hemorrhage-life-threatening-in-liver-disease.html:197:

  internally linking to /04, which does not exist

* At ./_site/2024/04/13/is-variceal-hemorrhage-life-threatening-in-liver-disease.html:207:

  internally linking to /13, which does not exist

* At ./_site/2024/04/14/understanding-the-role-of-a-gastroenterologist.html:187:

  internally linking to /2024, which does not exist

* At ./_site/2024/04/14/understanding-the-role-of-a-gastroenterologist.html:197:

  internally linking to /04, which does not exist

* At ./_site/2024/04/14/understanding-the-role-of-a-gastroenterologist.html:207:

  internally linking to /14, which does not exist

* At ./_site/2024/04/19/antibiotic-apocalypse-the-crisis-exploring-solutions-and-new-drugs.html:187:

  internally linking to /2024, which does not exist

* At ./_site/2024/04/19/antibiotic-apocalypse-the-crisis-exploring-solutions-and-new-drugs.html:197:

  internally linking to /04, which does not exist

* At ./_site/2024/04/19/antibiotic-apocalypse-the-crisis-exploring-solutions-and-new-drugs.html:207:

  internally linking to /19, which does not exist

* At ./_site/2024/04/22/bridging-the-divide-health-disparities-equity-and-equality.html:187:

  internally linking to /2024, which does not exist

* At ./_site/2024/04/22/bridging-the-divide-health-disparities-equity-and-equality.html:197:

  internally linking to /04, which does not exist

* At ./_site/2024/04/22/bridging-the-divide-health-disparities-equity-and-equality.html:207:

  internally linking to /22, which does not exist

* At ./_site/2024/04/23/microplastics-in-our-bodies-a-looming-threat.html:187:

  internally linking to /2024, which does not exist

* At ./_site/2024/04/23/microplastics-in-our-bodies-a-looming-threat.html:197:

  internally linking to /04, which does not exist

* At ./_site/2024/04/23/microplastics-in-our-bodies-a-looming-threat.html:207:

  internally linking to /23, which does not exist

* At ./_site/2024/04/23/smiling-through-the-decades-oral-health-care-for-seniors.html:187:

  internally linking to /2024, which does not exist

* At ./_site/2024/04/23/smiling-through-the-decades-oral-health-care-for-seniors.html:197:

  internally linking to /04, which does not exist

* At ./_site/2024/04/23/smiling-through-the-decades-oral-health-care-for-seniors.html:207:

  internally linking to /23, which does not exist

* At ./_site/2024/04/24/decoding-the-dance-of-focus-latest-insights-on-working-memory.html:187:

  internally linking to /2024, which does not exist

* At ./_site/2024/04/24/decoding-the-dance-of-focus-latest-insights-on-working-memory.html:197:

  internally linking to /04, which does not exist

* At ./_site/2024/04/24/decoding-the-dance-of-focus-latest-insights-on-working-memory.html:207:

  internally linking to /24, which does not exist

* At ./_site/2024/04/26/erosive-esophagitis-causes-symptoms-and-treatment-options.html:187:

  internally linking to /2024, which does not exist

* At ./_site/2024/04/26/erosive-esophagitis-causes-symptoms-and-treatment-options.html:197:

  internally linking to /04, which does not exist

* At ./_site/2024/04/26/erosive-esophagitis-causes-symptoms-and-treatment-options.html:207:

  internally linking to /26, which does not exist

* At ./_site/2024/04/28/dont-ignore-difficulty-swallowing-understanding-dysphagia.html:187:

  internally linking to /2024, which does not exist

* At ./_site/2024/04/28/dont-ignore-difficulty-swallowing-understanding-dysphagia.html:197:

  internally linking to /04, which does not exist

* At ./_site/2024/04/28/dont-ignore-difficulty-swallowing-understanding-dysphagia.html:207:

  internally linking to /28, which does not exist

* At ./_site/2024/04/30/ageism-in-the-workplace-challenges-and-solutions.html:187:

  internally linking to /2024, which does not exist

* At ./_site/2024/04/30/ageism-in-the-workplace-challenges-and-solutions.html:197:

  internally linking to /04, which does not exist

* At ./_site/2024/04/30/ageism-in-the-workplace-challenges-and-solutions.html:207:

  internally linking to /30, which does not exist

* At ./_site/2024/04/30/combating-a-silent-threat-how-ageism-in-healthcare-affects-you.html:187:

  internally linking to /2024, which does not exist

* At ./_site/2024/04/30/combating-a-silent-threat-how-ageism-in-healthcare-affects-you.html:197:

  internally linking to /04, which does not exist

* At ./_site/2024/04/30/combating-a-silent-threat-how-ageism-in-healthcare-affects-you.html:207:

  internally linking to /30, which does not exist

* At ./_site/2024/05/03/building-life-from-scratch-artificial-cell-research-in-2024.html:187:

  internally linking to /2024, which does not exist

* At ./_site/2024/05/03/building-life-from-scratch-artificial-cell-research-in-2024.html:197:

  internally linking to /05, which does not exist

* At ./_site/2024/05/03/building-life-from-scratch-artificial-cell-research-in-2024.html:207:

  internally linking to /03, which does not exist

* At ./_site/2024/05/05/beyond-the-clinic-how-web3-is-reshaping-medical-technology.html:187:

  internally linking to /2024, which does not exist

* At ./_site/2024/05/05/beyond-the-clinic-how-web3-is-reshaping-medical-technology.html:197:

  internally linking to /05, which does not exist

* At ./_site/2024/05/05/beyond-the-clinic-how-web3-is-reshaping-medical-technology.html:207:

  internally linking to /05, which does not exist

* At ./_site/2024/05/05/how-to-experience-a-good-nights-sleep.html:187:

  internally linking to /2024, which does not exist

* At ./_site/2024/05/05/how-to-experience-a-good-nights-sleep.html:197:

  internally linking to /05, which does not exist

* At ./_site/2024/05/05/how-to-experience-a-good-nights-sleep.html:207:

  internally linking to /05, which does not exist

* At ./_site/2024/05/05/recent-breakthroughs-in-anti-aging-research.html:187:

  internally linking to /2024, which does not exist

* At ./_site/2024/05/05/recent-breakthroughs-in-anti-aging-research.html:197:

  internally linking to /05, which does not exist

* At ./_site/2024/05/05/recent-breakthroughs-in-anti-aging-research.html:207:

  internally linking to /05, which does not exist

* At ./_site/2024/05/06/genetic-engineering-treatments-for-hopeful-glioblastoma-patients.html:187:

  internally linking to /2024, which does not exist

* At ./_site/2024/05/06/genetic-engineering-treatments-for-hopeful-glioblastoma-patients.html:197:

  internally linking to /05, which does not exist

* At ./_site/2024/05/06/genetic-engineering-treatments-for-hopeful-glioblastoma-patients.html:207:

  internally linking to /06, which does not exist

* At ./_site/2024/05/07/aging-hormones-how-an-endocrinologist-helps-you-thrive.html:187:

  internally linking to /2024, which does not exist

* At ./_site/2024/05/07/aging-hormones-how-an-endocrinologist-helps-you-thrive.html:197:

  internally linking to /05, which does not exist

* At ./_site/2024/05/07/aging-hormones-how-an-endocrinologist-helps-you-thrive.html:207:

  internally linking to /07, which does not exist

* At ./_site/2024/05/10/your-livers-champion-unveiling-the-role-of-a-hepatologist.html:187:

  internally linking to /2024, which does not exist

* At ./_site/2024/05/10/your-livers-champion-unveiling-the-role-of-a-hepatologist.html:197:

  internally linking to /05, which does not exist

* At ./_site/2024/05/10/your-livers-champion-unveiling-the-role-of-a-hepatologist.html:207:

  internally linking to /10, which does not exist

* At ./_site/2024/05/12/brain-boost-the-potential-of-creatine-for-cognitive-function.html:187:

  internally linking to /2024, which does not exist

* At ./_site/2024/05/12/brain-boost-the-potential-of-creatine-for-cognitive-function.html:197:

  internally linking to /05, which does not exist

* At ./_site/2024/05/12/brain-boost-the-potential-of-creatine-for-cognitive-function.html:207:

  internally linking to /12, which does not exist

* At ./_site/2024/05/15/dont-be-a-statistic-heart-attack-prevention-signs-what-to-do.html:187:

  internally linking to /2024, which does not exist

* At ./_site/2024/05/15/dont-be-a-statistic-heart-attack-prevention-signs-what-to-do.html:197:

  internally linking to /05, which does not exist

* At ./_site/2024/05/15/dont-be-a-statistic-heart-attack-prevention-signs-what-to-do.html:207:

  internally linking to /15, which does not exist

* At ./_site/2024/05/16/demystifying-medical-information-understanding-complex-medical-terms.html:187:

  internally linking to /2024, which does not exist

* At ./_site/2024/05/16/demystifying-medical-information-understanding-complex-medical-terms.html:197:

  internally linking to /05, which does not exist

* At ./_site/2024/05/16/demystifying-medical-information-understanding-complex-medical-terms.html:207:

  internally linking to /16, which does not exist

* At ./_site/2024/05/17/bird-flu-outbreak-separating-fact-from-fear-2026-update.html:187:

  internally linking to /2024, which does not exist

* At ./_site/2024/05/17/bird-flu-outbreak-separating-fact-from-fear-2026-update.html:197:

  internally linking to /05, which does not exist

* At ./_site/2024/05/17/bird-flu-outbreak-separating-fact-from-fear-2026-update.html:207:

  internally linking to /17, which does not exist

* At ./_site/2024/05/17/neuropathy-a-silent-threatpossibly-underdiagnosed-and-undertreated.html:187:

  internally linking to /2024, which does not exist

* At ./_site/2024/05/17/neuropathy-a-silent-threatpossibly-underdiagnosed-and-undertreated.html:197:

  internally linking to /05, which does not exist

* At ./_site/2024/05/17/neuropathy-a-silent-threatpossibly-underdiagnosed-and-undertreated.html:207:

  internally linking to /17, which does not exist

* At ./_site/2024/05/17/the-masters-of-cells-understanding-the-role-of-pathologists.html:187:

  internally linking to /2024, which does not exist

* At ./_site/2024/05/17/the-masters-of-cells-understanding-the-role-of-pathologists.html:197:

  internally linking to /05, which does not exist

* At ./_site/2024/05/17/the-masters-of-cells-understanding-the-role-of-pathologists.html:207:

  internally linking to /17, which does not exist

* At ./_site/2024/05/18/mastering-mindfulness-a-beginners-journey-2024-update.html:187:

  internally linking to /2024, which does not exist

* At ./_site/2024/05/18/mastering-mindfulness-a-beginners-journey-2024-update.html:197:

  internally linking to /05, which does not exist

* At ./_site/2024/05/18/mastering-mindfulness-a-beginners-journey-2024-update.html:207:

  internally linking to /18, which does not exist

* At ./_site/2024/05/18/wet-age-related-macular-degeneration-wet-amd-need-to-know.html:187:

  internally linking to /2024, which does not exist

* At ./_site/2024/05/18/wet-age-related-macular-degeneration-wet-amd-need-to-know.html:197:

  internally linking to /05, which does not exist

* At ./_site/2024/05/18/wet-age-related-macular-degeneration-wet-amd-need-to-know.html:207:

  internally linking to /18, which does not exist

* At ./_site/2024/05/19/beyond-the-burn-digesting-knowledge-of-gerd.html:187:

  internally linking to /2024, which does not exist

* At ./_site/2024/05/19/beyond-the-burn-digesting-knowledge-of-gerd.html:197:

  internally linking to /05, which does not exist

* At ./_site/2024/05/19/beyond-the-burn-digesting-knowledge-of-gerd.html:207:

  internally linking to /19, which does not exist

* At ./_site/2024/05/23/brain-fuel-minimally-processed-foods-and-the-fighting-alzheimers.html:187:

  internally linking to /2024, which does not exist

* At ./_site/2024/05/23/brain-fuel-minimally-processed-foods-and-the-fighting-alzheimers.html:197:

  internally linking to /05, which does not exist

* At ./_site/2024/05/23/brain-fuel-minimally-processed-foods-and-the-fighting-alzheimers.html:207:

  internally linking to /23, which does not exist

* At ./_site/2024/05/25/do-ultra-processed-foods-affect-brain-function.html:187:

  internally linking to /2024, which does not exist

* At ./_site/2024/05/25/do-ultra-processed-foods-affect-brain-function.html:197:

  internally linking to /05, which does not exist

* At ./_site/2024/05/25/do-ultra-processed-foods-affect-brain-function.html:207:

  internally linking to /25, which does not exist

* At ./_site/2024/05/28/dementia-new-insights-on-memory-loss-and-the-brain.html:187:

  internally linking to /2024, which does not exist

* At ./_site/2024/05/28/dementia-new-insights-on-memory-loss-and-the-brain.html:197:

  internally linking to /05, which does not exist

* At ./_site/2024/05/28/dementia-new-insights-on-memory-loss-and-the-brain.html:207:

  internally linking to /28, which does not exist

* At ./_site/2024/05/29/atrial-fibrillation-updates-heart-failure-diagnosis-and-prevention.html:187:

  internally linking to /2024, which does not exist

* At ./_site/2024/05/29/atrial-fibrillation-updates-heart-failure-diagnosis-and-prevention.html:197:

  internally linking to /05, which does not exist

* At ./_site/2024/05/29/atrial-fibrillation-updates-heart-failure-diagnosis-and-prevention.html:207:

  internally linking to /29, which does not exist

* At ./_site/2024/05/31/aging-and-the-challenge-for-pain-management-providers.html:187:

  internally linking to /2024, which does not exist

* At ./_site/2024/05/31/aging-and-the-challenge-for-pain-management-providers.html:197:

  internally linking to /05, which does not exist

* At ./_site/2024/05/31/aging-and-the-challenge-for-pain-management-providers.html:207:

  internally linking to /31, which does not exist

* At ./_site/2024/05/31/excess-ammonia-in-blood-dangers-symptoms-causes-and-treatment.html:187:

  internally linking to /2024, which does not exist

* At ./_site/2024/05/31/excess-ammonia-in-blood-dangers-symptoms-causes-and-treatment.html:197:

  internally linking to /05, which does not exist

* At ./_site/2024/05/31/excess-ammonia-in-blood-dangers-symptoms-causes-and-treatment.html:207:

  internally linking to /31, which does not exist

* At ./_site/2024/06/01/skin-to-joints-the-progression-of-psoriasis-to-psoriatic-arthritis.html:187:

  internally linking to /2024, which does not exist

* At ./_site/2024/06/01/skin-to-joints-the-progression-of-psoriasis-to-psoriatic-arthritis.html:197:

  internally linking to /06, which does not exist

* At ./_site/2024/06/01/skin-to-joints-the-progression-of-psoriasis-to-psoriatic-arthritis.html:207:

  internally linking to /01, which does not exist

* At ./_site/2024/06/01/skin-to-joints-the-progression-of-psoriasis-to-psoriatic-arthritis.html:536:

  internally linking to YOUR_URL_HERE, which does not exist

* At ./_site/2024/06/01/skin-to-joints-the-progression-of-psoriasis-to-psoriatic-arthritis.html:953:

  internally linking to YOUR_URL_HERE, which does not exist

* At ./_site/2024/06/02/discovering-your-biological-age-the-genetic-connection.html:187:

  internally linking to /2024, which does not exist

* At ./_site/2024/06/02/discovering-your-biological-age-the-genetic-connection.html:197:

  internally linking to /06, which does not exist

* At ./_site/2024/06/02/discovering-your-biological-age-the-genetic-connection.html:207:

  internally linking to /02, which does not exist

* At ./_site/2024/06/02/why-older-adults-need-extra-protection-in-hot-weather.html:187:

  internally linking to /2024, which does not exist

* At ./_site/2024/06/02/why-older-adults-need-extra-protection-in-hot-weather.html:197:

  internally linking to /06, which does not exist

* At ./_site/2024/06/02/why-older-adults-need-extra-protection-in-hot-weather.html:207:

  internally linking to /02, which does not exist

* At ./_site/2024/06/03/can-your-speech-predict-frontotemporal-degeneration.html:187:

  internally linking to /2024, which does not exist

* At ./_site/2024/06/03/can-your-speech-predict-frontotemporal-degeneration.html:197:

  internally linking to /06, which does not exist

* At ./_site/2024/06/03/can-your-speech-predict-frontotemporal-degeneration.html:207:

  internally linking to /03, which does not exist

* At ./_site/2024/06/04/heart-health-temperature-extremes-2026-research-update.html:187:

  internally linking to /2024, which does not exist

* At ./_site/2024/06/04/heart-health-temperature-extremes-2026-research-update.html:197:

  internally linking to /06, which does not exist

* At ./_site/2024/06/04/heart-health-temperature-extremes-2026-research-update.html:207:

  internally linking to /04, which does not exist

* At ./_site/2024/06/05/parkinsons-disease-2026-symptoms-treatments-cleartune-research.html:187:

  internally linking to /2024, which does not exist

* At ./_site/2024/06/05/parkinsons-disease-2026-symptoms-treatments-cleartune-research.html:197:

  internally linking to /06, which does not exist

* At ./_site/2024/06/05/parkinsons-disease-2026-symptoms-treatments-cleartune-research.html:207:

  internally linking to /05, which does not exist

* At ./_site/2024/06/08/understanding-myoclonus-causes-and-treatments.html:187:

  internally linking to /2024, which does not exist

* At ./_site/2024/06/08/understanding-myoclonus-causes-and-treatments.html:197:

  internally linking to /06, which does not exist

* At ./_site/2024/06/08/understanding-myoclonus-causes-and-treatments.html:207:

  internally linking to /08, which does not exist

* At ./_site/2024/06/09/understanding-lewy-body-dementia-and-the-latest-research.html:187:

  internally linking to /2024, which does not exist

* At ./_site/2024/06/09/understanding-lewy-body-dementia-and-the-latest-research.html:197:

  internally linking to /06, which does not exist

* At ./_site/2024/06/09/understanding-lewy-body-dementia-and-the-latest-research.html:207:

  internally linking to /09, which does not exist

* At ./_site/2024/06/10/understanding-glaucoma-the-silent-thief-of-sight.html:187:

  internally linking to /2024, which does not exist

* At ./_site/2024/06/10/understanding-glaucoma-the-silent-thief-of-sight.html:197:

  internally linking to /06, which does not exist

* At ./_site/2024/06/10/understanding-glaucoma-the-silent-thief-of-sight.html:207:

  internally linking to /10, which does not exist

* At ./_site/2024/06/11/tetanus-vaccine-parkinsons-donanemab-alzheimers.html:187:

  internally linking to /2024, which does not exist

* At ./_site/2024/06/11/tetanus-vaccine-parkinsons-donanemab-alzheimers.html:197:

  internally linking to /06, which does not exist

* At ./_site/2024/06/11/tetanus-vaccine-parkinsons-donanemab-alzheimers.html:207:

  internally linking to /11, which does not exist

* At ./_site/2024/06/12/c-diff-infection-symptoms-treatment-and-prevention-guide-2026.html:187:

  internally linking to /2024, which does not exist

* At ./_site/2024/06/12/c-diff-infection-symptoms-treatment-and-prevention-guide-2026.html:197:

  internally linking to /06, which does not exist

* At ./_site/2024/06/12/c-diff-infection-symptoms-treatment-and-prevention-guide-2026.html:207:

  internally linking to /12, which does not exist

* At ./_site/2024/06/13/ai-brain-analysis-for-neurologic-disorder-diagnosis.html:187:

  internally linking to /2024, which does not exist

* At ./_site/2024/06/13/ai-brain-analysis-for-neurologic-disorder-diagnosis.html:197:

  internally linking to /06, which does not exist

* At ./_site/2024/06/13/ai-brain-analysis-for-neurologic-disorder-diagnosis.html:207:

  internally linking to /13, which does not exist

* At ./_site/2024/06/13/deciphering-epilepsy-symptoms-causes-and-2026-treatments.html:187:

  internally linking to /2024, which does not exist

* At ./_site/2024/06/13/deciphering-epilepsy-symptoms-causes-and-2026-treatments.html:197:

  internally linking to /06, which does not exist

* At ./_site/2024/06/13/deciphering-epilepsy-symptoms-causes-and-2026-treatments.html:207:

  internally linking to /13, which does not exist

* At ./_site/2024/06/13/sarcopenia-guide-reversing-age-related-muscle-loss-in-2026.html:187:

  internally linking to /2024, which does not exist

* At ./_site/2024/06/13/sarcopenia-guide-reversing-age-related-muscle-loss-in-2026.html:197:

  internally linking to /06, which does not exist

* At ./_site/2024/06/13/sarcopenia-guide-reversing-age-related-muscle-loss-in-2026.html:207:

  internally linking to /13, which does not exist

* At ./_site/2024/06/15/ai-in-healthcare-how-intelligent-tools-are-improving-patient-care.html:187:

  internally linking to /2024, which does not exist

* At ./_site/2024/06/15/ai-in-healthcare-how-intelligent-tools-are-improving-patient-care.html:197:

  internally linking to /06, which does not exist

* At ./_site/2024/06/15/ai-in-healthcare-how-intelligent-tools-are-improving-patient-care.html:207:

  internally linking to /15, which does not exist

* At ./_site/2024/06/15/celiac-disease-and-dilated-cardiomyopathy-link.html:187:

  internally linking to /2024, which does not exist

* At ./_site/2024/06/15/celiac-disease-and-dilated-cardiomyopathy-link.html:197:

  internally linking to /06, which does not exist

* At ./_site/2024/06/15/celiac-disease-and-dilated-cardiomyopathy-link.html:207:

  internally linking to /15, which does not exist

* At ./_site/2024/06/15/high-blood-pressure-the-silent-killer-explained.html:187:

  internally linking to /2024, which does not exist

* At ./_site/2024/06/15/high-blood-pressure-the-silent-killer-explained.html:197:

  internally linking to /06, which does not exist

* At ./_site/2024/06/15/high-blood-pressure-the-silent-killer-explained.html:207:

  internally linking to /15, which does not exist

* At ./_site/2024/06/16/algae-bots-the-future-of-targeted-lung-cancer-treatment.html:187:

  internally linking to /2024, which does not exist

* At ./_site/2024/06/16/algae-bots-the-future-of-targeted-lung-cancer-treatment.html:197:

  internally linking to /06, which does not exist

* At ./_site/2024/06/16/algae-bots-the-future-of-targeted-lung-cancer-treatment.html:207:

  internally linking to /16, which does not exist

* At ./_site/2024/06/17/healthier-heart-timing-interventions-less-stroke-risk.html:187:

  internally linking to /2024, which does not exist

* At ./_site/2024/06/17/healthier-heart-timing-interventions-less-stroke-risk.html:197:

  internally linking to /06, which does not exist

* At ./_site/2024/06/17/healthier-heart-timing-interventions-less-stroke-risk.html:207:

  internally linking to /17, which does not exist

* At ./_site/2024/06/18/unmasking-the-night-owl-late-bedtimes-and-mental-health.html:187:

  internally linking to /2024, which does not exist

* At ./_site/2024/06/18/unmasking-the-night-owl-late-bedtimes-and-mental-health.html:197:

  internally linking to /06, which does not exist

* At ./_site/2024/06/18/unmasking-the-night-owl-late-bedtimes-and-mental-health.html:207:

  internally linking to /18, which does not exist

* At ./_site/2024/06/21/alzheimers-prevention-optimizing-brain-health-tweaks.html:187:

  internally linking to /2024, which does not exist

* At ./_site/2024/06/21/alzheimers-prevention-optimizing-brain-health-tweaks.html:197:

  internally linking to /06, which does not exist

* At ./_site/2024/06/21/alzheimers-prevention-optimizing-brain-health-tweaks.html:207:

  internally linking to /21, which does not exist

* At ./_site/2024/06/21/gut-revolution-small-intestine-secrets-on-health-and-brain-benefits.html:187:

  internally linking to /2024, which does not exist

* At ./_site/2024/06/21/gut-revolution-small-intestine-secrets-on-health-and-brain-benefits.html:197:

  internally linking to /06, which does not exist

* At ./_site/2024/06/21/gut-revolution-small-intestine-secrets-on-health-and-brain-benefits.html:207:

  internally linking to /21, which does not exist

* At ./_site/2024/06/21/lou-gehrigs-disease-als-symptoms-diagnosis-and-future-hope.html:187:

  internally linking to /2024, which does not exist

* At ./_site/2024/06/21/lou-gehrigs-disease-als-symptoms-diagnosis-and-future-hope.html:197:

  internally linking to /06, which does not exist

* At ./_site/2024/06/21/lou-gehrigs-disease-als-symptoms-diagnosis-and-future-hope.html:207:

  internally linking to /21, which does not exist

* At ./_site/2024/06/23/breathe-easy-new-treatments-for-obstructive-sleep-apnea.html:187:

  internally linking to /2024, which does not exist

* At ./_site/2024/06/23/breathe-easy-new-treatments-for-obstructive-sleep-apnea.html:197:

  internally linking to /06, which does not exist

* At ./_site/2024/06/23/breathe-easy-new-treatments-for-obstructive-sleep-apnea.html:207:

  internally linking to /23, which does not exist

* At ./_site/2024/06/23/fibromyalgia-a-guide-for-understanding-and-new-research.html:187:

  internally linking to /2024, which does not exist

* At ./_site/2024/06/23/fibromyalgia-a-guide-for-understanding-and-new-research.html:197:

  internally linking to /06, which does not exist

* At ./_site/2024/06/23/fibromyalgia-a-guide-for-understanding-and-new-research.html:207:

  internally linking to /23, which does not exist

* At ./_site/2024/06/23/understanding-heatstroke-prevention-tips-and-how-to-stay-safe.html:187:

  internally linking to /2024, which does not exist

* At ./_site/2024/06/23/understanding-heatstroke-prevention-tips-and-how-to-stay-safe.html:197:

  internally linking to /06, which does not exist

* At ./_site/2024/06/23/understanding-heatstroke-prevention-tips-and-how-to-stay-safe.html:207:

  internally linking to /23, which does not exist

* At ./_site/2024/06/26/itchy-eyelid-psoriasis-psoriatic-arthritis-and-mental-fatigue.html:187:

  internally linking to /2024, which does not exist

* At ./_site/2024/06/26/itchy-eyelid-psoriasis-psoriatic-arthritis-and-mental-fatigue.html:197:

  internally linking to /06, which does not exist

* At ./_site/2024/06/26/itchy-eyelid-psoriasis-psoriatic-arthritis-and-mental-fatigue.html:207:

  internally linking to /26, which does not exist

* At ./_site/2024/06/26/optimizing-the-path-from-diagnosis-to-ibd-treatment.html:187:

  internally linking to /2024, which does not exist

* At ./_site/2024/06/26/optimizing-the-path-from-diagnosis-to-ibd-treatment.html:197:

  internally linking to /06, which does not exist

* At ./_site/2024/06/26/optimizing-the-path-from-diagnosis-to-ibd-treatment.html:207:

  internally linking to /26, which does not exist

* At ./_site/2024/06/28/is-alzheimers-inherited-risks-beyond-family-history.html:187:

  internally linking to /2024, which does not exist

* At ./_site/2024/06/28/is-alzheimers-inherited-risks-beyond-family-history.html:197:

  internally linking to /06, which does not exist

* At ./_site/2024/06/28/is-alzheimers-inherited-risks-beyond-family-history.html:207:

  internally linking to /28, which does not exist

* At ./_site/2024/06/28/viagra-beyond-the-bedroom-possible-benefits-and-concerns.html:187:

  internally linking to /2024, which does not exist

* At ./_site/2024/06/28/viagra-beyond-the-bedroom-possible-benefits-and-concerns.html:197:

  internally linking to /06, which does not exist

* At ./_site/2024/06/28/viagra-beyond-the-bedroom-possible-benefits-and-concerns.html:207:

  internally linking to /28, which does not exist

* At ./_site/2024/06/28/your-ent-the-inside-scoop-on-ear-nose-and-throat-doctors.html:187:

  internally linking to /2024, which does not exist

* At ./_site/2024/06/28/your-ent-the-inside-scoop-on-ear-nose-and-throat-doctors.html:197:

  internally linking to /06, which does not exist

* At ./_site/2024/06/28/your-ent-the-inside-scoop-on-ear-nose-and-throat-doctors.html:207:

  internally linking to /28, which does not exist

* At ./_site/2024/06/29/beat-the-heat-how-some-medications-affect-your-body-in-summer.html:187:

  internally linking to /2024, which does not exist

* At ./_site/2024/06/29/beat-the-heat-how-some-medications-affect-your-body-in-summer.html:197:

  internally linking to /06, which does not exist

* At ./_site/2024/06/29/beat-the-heat-how-some-medications-affect-your-body-in-summer.html:207:

  internally linking to /29, which does not exist

* At ./_site/2024/06/30/psoriasis-your-skin-saltwater-chlorine-and-swimming.html:187:

  internally linking to /2024, which does not exist

* At ./_site/2024/06/30/psoriasis-your-skin-saltwater-chlorine-and-swimming.html:197:

  internally linking to /06, which does not exist

* At ./_site/2024/06/30/psoriasis-your-skin-saltwater-chlorine-and-swimming.html:207:

  internally linking to /30, which does not exist

* At ./_site/2024/07/01/diverticulitis-vs-crohns-disease-a-gut-inflammation-review.html:187:

  internally linking to /2024, which does not exist

* At ./_site/2024/07/01/diverticulitis-vs-crohns-disease-a-gut-inflammation-review.html:197:

  internally linking to /07, which does not exist

* At ./_site/2024/07/01/diverticulitis-vs-crohns-disease-a-gut-inflammation-review.html:207:

  internally linking to /01, which does not exist

* At ./_site/2024/07/02/stress-relief-gut-bacteria-might-be-your-secret-weapon.html:187:

  internally linking to /2024, which does not exist

* At ./_site/2024/07/02/stress-relief-gut-bacteria-might-be-your-secret-weapon.html:197:

  internally linking to /07, which does not exist

* At ./_site/2024/07/02/stress-relief-gut-bacteria-might-be-your-secret-weapon.html:207:

  internally linking to /02, which does not exist

* At ./_site/2024/07/04/demystifying-colonoscopy-a-guide-to-understanding-the-procedure.html:187:

  internally linking to /2024, which does not exist

* At ./_site/2024/07/04/demystifying-colonoscopy-a-guide-to-understanding-the-procedure.html:197:

  internally linking to /07, which does not exist

* At ./_site/2024/07/04/demystifying-colonoscopy-a-guide-to-understanding-the-procedure.html:207:

  internally linking to /04, which does not exist

* At ./_site/2024/07/05/dengue-fever-and-other-diseases-rise-with-climate-change.html:187:

  internally linking to /2024, which does not exist

* At ./_site/2024/07/05/dengue-fever-and-other-diseases-rise-with-climate-change.html:197:

  internally linking to /07, which does not exist

* At ./_site/2024/07/05/dengue-fever-and-other-diseases-rise-with-climate-change.html:207:

  internally linking to /05, which does not exist

* At ./_site/2024/07/05/social-connection-loneliness-has-links-to-chronic-disease.html:187:

  internally linking to /2024, which does not exist

* At ./_site/2024/07/05/social-connection-loneliness-has-links-to-chronic-disease.html:197:

  internally linking to /07, which does not exist

* At ./_site/2024/07/05/social-connection-loneliness-has-links-to-chronic-disease.html:207:

  internally linking to /05, which does not exist

* At ./_site/2024/07/05/social-connection-loneliness-has-links-to-chronic-disease.html:429:

  internally linking to Loneliness affects more than just emotions—it takes a toll on physical health too. Research shows a strong link between social isolation and a higher risk of chronic illnesses. According to the CDC, being socially isolated or lonely can raise the chances of developing serious issues like heart disease, stroke, type 2 diabetes, depression, anxiety, self-harm, dementia, and even dying earlier. A study in the Annals of Behavioral Medicine also found that loneliness and isolation are tied to heart disease and type 2 diabetes, with these links explained by existing psychological and behavioral factors. All of this highlights just how important staying socially connected is for overall health., which does not exist

* At ./_site/2024/07/05/social-connection-loneliness-has-links-to-chronic-disease.html:514:

  internally linking to Loneliness affects more than just emotions—it takes a toll on physical health too. Research shows a strong link between social isolation and a higher risk of chronic illnesses. According to the CDC, being socially isolated or lonely can raise the chances of developing serious issues like heart disease, stroke, type 2 diabetes, depression, anxiety, self-harm, dementia, and even dying earlier. A study in the Annals of Behavioral Medicine also found that loneliness and isolation are tied to heart disease and type 2 diabetes, with these links explained by existing psychological and behavioral factors. All of this highlights just how important staying socially connected is for overall health., which does not exist

* At ./_site/2024/07/07/the-proteomic-fingerprint-can-63-proteins-predict-your-brain-age.html:187:

  internally linking to /2024, which does not exist

* At ./_site/2024/07/07/the-proteomic-fingerprint-can-63-proteins-predict-your-brain-age.html:197:

  internally linking to /07, which does not exist

* At ./_site/2024/07/07/the-proteomic-fingerprint-can-63-proteins-predict-your-brain-age.html:207:

  internally linking to /07, which does not exist

* At ./_site/2024/07/08/improve-brainpower-choline-the-vital-nutrient-you-may-be-missing.html:187:

  internally linking to /2024, which does not exist

* At ./_site/2024/07/08/improve-brainpower-choline-the-vital-nutrient-you-may-be-missing.html:197:

  internally linking to /07, which does not exist

* At ./_site/2024/07/08/improve-brainpower-choline-the-vital-nutrient-you-may-be-missing.html:207:

  internally linking to /08, which does not exist

* At ./_site/2024/07/09/understanding-shingles-essential-insights-and-prevention-tips.html:187:

  internally linking to /2024, which does not exist

* At ./_site/2024/07/09/understanding-shingles-essential-insights-and-prevention-tips.html:197:

  internally linking to /07, which does not exist

* At ./_site/2024/07/09/understanding-shingles-essential-insights-and-prevention-tips.html:207:

  internally linking to /09, which does not exist

* At ./_site/2024/07/10/heartburn-or-heart-attack-spot-the-signs-and-save-a-life.html:187:

  internally linking to /2024, which does not exist

* At ./_site/2024/07/10/heartburn-or-heart-attack-spot-the-signs-and-save-a-life.html:197:

  internally linking to /07, which does not exist

* At ./_site/2024/07/10/heartburn-or-heart-attack-spot-the-signs-and-save-a-life.html:207:

  internally linking to /10, which does not exist

* At ./_site/2024/07/11/metformins-surprising-benefits-beyond-diabetes.html:187:

  internally linking to /2024, which does not exist

* At ./_site/2024/07/11/metformins-surprising-benefits-beyond-diabetes.html:197:

  internally linking to /07, which does not exist

* At ./_site/2024/07/11/metformins-surprising-benefits-beyond-diabetes.html:207:

  internally linking to /11, which does not exist

* At ./_site/2024/07/12/the-ocular-diseases-and-gut-microbiome-balance-relationship.html:187:

  internally linking to /2024, which does not exist

* At ./_site/2024/07/12/the-ocular-diseases-and-gut-microbiome-balance-relationship.html:197:

  internally linking to /07, which does not exist

* At ./_site/2024/07/12/the-ocular-diseases-and-gut-microbiome-balance-relationship.html:207:

  internally linking to /12, which does not exist

* At ./_site/2024/07/14/exploring-womens-heart-disease-risks-and-prevention.html:187:

  internally linking to /2024, which does not exist

* At ./_site/2024/07/14/exploring-womens-heart-disease-risks-and-prevention.html:197:

  internally linking to /07, which does not exist

* At ./_site/2024/07/14/exploring-womens-heart-disease-risks-and-prevention.html:207:

  internally linking to /14, which does not exist

* At ./_site/2024/07/15/a-twin-study-hints-dementia-link-to-lower-sibling-lifespan.html:187:

  internally linking to /2024, which does not exist

* At ./_site/2024/07/15/a-twin-study-hints-dementia-link-to-lower-sibling-lifespan.html:197:

  internally linking to /07, which does not exist

* At ./_site/2024/07/15/a-twin-study-hints-dementia-link-to-lower-sibling-lifespan.html:207:

  internally linking to /15, which does not exist

* At ./_site/2024/07/16/celiac-disease-gluten-connection.html:187:

  internally linking to /2024, which does not exist

* At ./_site/2024/07/16/celiac-disease-gluten-connection.html:197:

  internally linking to /07, which does not exist

* At ./_site/2024/07/16/celiac-disease-gluten-connection.html:207:

  internally linking to /16, which does not exist

* At ./_site/2024/07/16/scientists-and-the-public-bridging-the-gap-for-better-health.html:187:

  internally linking to /2024, which does not exist

* At ./_site/2024/07/16/scientists-and-the-public-bridging-the-gap-for-better-health.html:197:

  internally linking to /07, which does not exist

* At ./_site/2024/07/16/scientists-and-the-public-bridging-the-gap-for-better-health.html:207:

  internally linking to /16, which does not exist

* At ./_site/2024/07/16/wakefulness-new-brain-network-maps-offer-novel-insights.html:187:

  internally linking to /2024, which does not exist

* At ./_site/2024/07/16/wakefulness-new-brain-network-maps-offer-novel-insights.html:197:

  internally linking to /07, which does not exist

* At ./_site/2024/07/16/wakefulness-new-brain-network-maps-offer-novel-insights.html:207:

  internally linking to /16, which does not exist

* At ./_site/2024/07/17/toxic-stress-a-dangerous-silent-threat-to-health-and-life.html:187:

  internally linking to /2024, which does not exist

* At ./_site/2024/07/17/toxic-stress-a-dangerous-silent-threat-to-health-and-life.html:197:

  internally linking to /07, which does not exist

* At ./_site/2024/07/17/toxic-stress-a-dangerous-silent-threat-to-health-and-life.html:207:

  internally linking to /17, which does not exist

* At ./_site/2024/07/18/ai-finds-3-distinct-brain-aging-patterns-for-better-prediction.html:187:

  internally linking to /2024, which does not exist

* At ./_site/2024/07/18/ai-finds-3-distinct-brain-aging-patterns-for-better-prediction.html:197:

  internally linking to /07, which does not exist

* At ./_site/2024/07/18/ai-finds-3-distinct-brain-aging-patterns-for-better-prediction.html:207:

  internally linking to /18, which does not exist

* At ./_site/2024/07/18/senior-mental-health-support-strategic-resources.html:187:

  internally linking to /2024, which does not exist

* At ./_site/2024/07/18/senior-mental-health-support-strategic-resources.html:197:

  internally linking to /07, which does not exist

* At ./_site/2024/07/18/senior-mental-health-support-strategic-resources.html:207:

  internally linking to /18, which does not exist

* At ./_site/2024/07/19/fall-allergies-dont-let-autumn-spoil-your-fun.html:187:

  internally linking to /2024, which does not exist

* At ./_site/2024/07/19/fall-allergies-dont-let-autumn-spoil-your-fun.html:197:

  internally linking to /07, which does not exist

* At ./_site/2024/07/19/fall-allergies-dont-let-autumn-spoil-your-fun.html:207:

  internally linking to /19, which does not exist

* At ./_site/2024/07/21/the-brains-orchestra-the-gene-regulation-networks.html:187:

  internally linking to /2024, which does not exist

* At ./_site/2024/07/21/the-brains-orchestra-the-gene-regulation-networks.html:197:

  internally linking to /07, which does not exist

* At ./_site/2024/07/21/the-brains-orchestra-the-gene-regulation-networks.html:207:

  internally linking to /21, which does not exist

* At ./_site/2024/07/23/understanding-sleep-apnea-a-gasp-for-sleep.html:187:

  internally linking to /2024, which does not exist

* At ./_site/2024/07/23/understanding-sleep-apnea-a-gasp-for-sleep.html:197:

  internally linking to /07, which does not exist

* At ./_site/2024/07/23/understanding-sleep-apnea-a-gasp-for-sleep.html:207:

  internally linking to /23, which does not exist

* At ./_site/2024/07/24/the-dinner-table-a-guide-to-food-labels-and-packaging.html:187:

  internally linking to /2024, which does not exist

* At ./_site/2024/07/24/the-dinner-table-a-guide-to-food-labels-and-packaging.html:197:

  internally linking to /07, which does not exist

* At ./_site/2024/07/24/the-dinner-table-a-guide-to-food-labels-and-packaging.html:207:

  internally linking to /24, which does not exist

* At ./_site/2024/07/27/mind-over-matter-brains-control-over-the-immune-system.html:187:

  internally linking to /2024, which does not exist

* At ./_site/2024/07/27/mind-over-matter-brains-control-over-the-immune-system.html:197:

  internally linking to /07, which does not exist

* At ./_site/2024/07/27/mind-over-matter-brains-control-over-the-immune-system.html:207:

  internally linking to /27, which does not exist

* At ./_site/2024/08/02/gut-heart-connection-gerd-and-microbiome-health-impact.html:187:

  internally linking to /2024, which does not exist

* At ./_site/2024/08/02/gut-heart-connection-gerd-and-microbiome-health-impact.html:197:

  internally linking to /08, which does not exist

* At ./_site/2024/08/02/gut-heart-connection-gerd-and-microbiome-health-impact.html:207:

  internally linking to /02, which does not exist

* At ./_site/2024/08/04/doctors-not-politicians-the-perils-of-politicizing-healthcare.html:187:

  internally linking to /2024, which does not exist

* At ./_site/2024/08/04/doctors-not-politicians-the-perils-of-politicizing-healthcare.html:197:

  internally linking to /08, which does not exist

* At ./_site/2024/08/04/doctors-not-politicians-the-perils-of-politicizing-healthcare.html:207:

  internally linking to /04, which does not exist

* At ./_site/2024/08/09/crispr-explained-a-beginners-guide-to-gene-editing.html:187:

  internally linking to /2024, which does not exist

* At ./_site/2024/08/09/crispr-explained-a-beginners-guide-to-gene-editing.html:197:

  internally linking to /08, which does not exist

* At ./_site/2024/08/09/crispr-explained-a-beginners-guide-to-gene-editing.html:207:

  internally linking to /09, which does not exist

* At ./_site/2024/08/14/osteopenia-silent-bone-losswhat-you-should-know.html:187:

  internally linking to /2024, which does not exist

* At ./_site/2024/08/14/osteopenia-silent-bone-losswhat-you-should-know.html:197:

  internally linking to /08, which does not exist

* At ./_site/2024/08/14/osteopenia-silent-bone-losswhat-you-should-know.html:207:

  internally linking to /14, which does not exist

* At ./_site/2024/08/16/crispr-beyond-the-hype-challenges-and-the-road-ahead.html:187:

  internally linking to /2024, which does not exist

* At ./_site/2024/08/16/crispr-beyond-the-hype-challenges-and-the-road-ahead.html:197:

  internally linking to /08, which does not exist

* At ./_site/2024/08/16/crispr-beyond-the-hype-challenges-and-the-road-ahead.html:207:

  internally linking to /16, which does not exist

* At ./_site/2024/08/16/crispr-beyond-the-hype-challenges-and-the-road-ahead.html:681:

  internally linking to /alzheimers-type-3-diabetes, which does not exist

* At ./_site/2024/08/16/crispr-beyond-the-hype-challenges-and-the-road-ahead.html:687:

  internally linking to /psoriasis-cardiovascular-risk, which does not exist

* At ./_site/2024/08/16/crispr-beyond-the-hype-challenges-and-the-road-ahead.html:693:

  internally linking to /psoriasis-treatment-abbie-assist, which does not exist

* At ./_site/2024/08/16/crispr-beyond-the-hype-challenges-and-the-road-ahead.html:1089:

  internally linking to /alzheimers-type-3-diabetes, which does not exist

* At ./_site/2024/08/16/crispr-beyond-the-hype-challenges-and-the-road-ahead.html:1095:

  internally linking to /psoriasis-cardiovascular-risk, which does not exist

* At ./_site/2024/08/16/crispr-beyond-the-hype-challenges-and-the-road-ahead.html:1101:

  internally linking to /psoriasis-treatment-abbie-assist, which does not exist

* At ./_site/2024/08/26/mpox-symptoms-causes-diagnosis-and-treatment.html:187:

  internally linking to /2024, which does not exist

* At ./_site/2024/08/26/mpox-symptoms-causes-diagnosis-and-treatment.html:197:

  internally linking to /08, which does not exist

* At ./_site/2024/08/26/mpox-symptoms-causes-diagnosis-and-treatment.html:207:

  internally linking to /26, which does not exist

* At ./_site/2024/09/10/beyond-the-brain-the-surprising-intelligence-of-simple-cells.html:187:

  internally linking to /2024, which does not exist

* At ./_site/2024/09/10/beyond-the-brain-the-surprising-intelligence-of-simple-cells.html:197:

  internally linking to /09, which does not exist

* At ./_site/2024/09/10/beyond-the-brain-the-surprising-intelligence-of-simple-cells.html:207:

  internally linking to /10, which does not exist

* At ./_site/2024/09/11/tackling-medical-debt-a-guide-to-financial-relief.html:187:

  internally linking to /2024, which does not exist

* At ./_site/2024/09/11/tackling-medical-debt-a-guide-to-financial-relief.html:197:

  internally linking to /09, which does not exist

* At ./_site/2024/09/11/tackling-medical-debt-a-guide-to-financial-relief.html:207:

  internally linking to /11, which does not exist

* At ./_site/2024/09/13/understanding-the-difference-between-alzheimers-and-dementia.html:187:

  internally linking to /2024, which does not exist

* At ./_site/2024/09/13/understanding-the-difference-between-alzheimers-and-dementia.html:197:

  internally linking to /09, which does not exist

* At ./_site/2024/09/13/understanding-the-difference-between-alzheimers-and-dementia.html:207:

  internally linking to /13, which does not exist

* At ./_site/2024/09/21/beyond-neurons-new-hopes-in-the-fight-against-alzheimers-disease.html:187:

  internally linking to /2024, which does not exist

* At ./_site/2024/09/21/beyond-neurons-new-hopes-in-the-fight-against-alzheimers-disease.html:197:

  internally linking to /09, which does not exist

* At ./_site/2024/09/21/beyond-neurons-new-hopes-in-the-fight-against-alzheimers-disease.html:207:

  internally linking to /21, which does not exist

* At ./_site/2024/09/26/metal-exposure-calcium-and-heart-health-a-critical-connection.html:187:

  internally linking to /2024, which does not exist

* At ./_site/2024/09/26/metal-exposure-calcium-and-heart-health-a-critical-connection.html:197:

  internally linking to /09, which does not exist

* At ./_site/2024/09/26/metal-exposure-calcium-and-heart-health-a-critical-connection.html:207:

  internally linking to /26, which does not exist

* At ./_site/2024/09/27/why-arent-doctors-trained-more-in-nutrition.html:187:

  internally linking to /2024, which does not exist

* At ./_site/2024/09/27/why-arent-doctors-trained-more-in-nutrition.html:197:

  internally linking to /09, which does not exist

* At ./_site/2024/09/27/why-arent-doctors-trained-more-in-nutrition.html:207:

  internally linking to /27, which does not exist

* At ./_site/2024/10/16/key-insights-blood-tests-reveal-about-your-health.html:187:

  internally linking to /2024, which does not exist

* At ./_site/2024/10/16/key-insights-blood-tests-reveal-about-your-health.html:197:

  internally linking to /10, which does not exist

* At ./_site/2024/10/16/key-insights-blood-tests-reveal-about-your-health.html:207:

  internally linking to /16, which does not exist

* At ./_site/2024/11/29/cortisol-the-stress-hormone-and-its-health-impact.html:187:

  internally linking to /2024, which does not exist

* At ./_site/2024/11/29/cortisol-the-stress-hormone-and-its-health-impact.html:197:

  internally linking to /11, which does not exist

* At ./_site/2024/11/29/cortisol-the-stress-hormone-and-its-health-impact.html:207:

  internally linking to /29, which does not exist

* At ./_site/2024/12/05/gerd-sepsis-dangerous-connection.html:187:

  internally linking to /2024, which does not exist

* At ./_site/2024/12/05/gerd-sepsis-dangerous-connection.html:197:

  internally linking to /12, which does not exist

* At ./_site/2024/12/05/gerd-sepsis-dangerous-connection.html:207:

  internally linking to /05, which does not exist

* At ./_site/2024/12/06/barretts-esophagus-understand-the-risks-and-treatments.html:187:

  internally linking to /2024, which does not exist

* At ./_site/2024/12/06/barretts-esophagus-understand-the-risks-and-treatments.html:197:

  internally linking to /12, which does not exist

* At ./_site/2024/12/06/barretts-esophagus-understand-the-risks-and-treatments.html:207:

  internally linking to /06, which does not exist

* At ./_site/2024/12/08/pneumonia-a-silent-threat-especially-for-the-vulnerable.html:187:

  internally linking to /2024, which does not exist

* At ./_site/2024/12/08/pneumonia-a-silent-threat-especially-for-the-vulnerable.html:197:

  internally linking to /12, which does not exist

* At ./_site/2024/12/08/pneumonia-a-silent-threat-especially-for-the-vulnerable.html:207:

  internally linking to /08, which does not exist

* At ./_site/2024/12/09/cataracts-types-causes-risks-and-treatment-options.html:187:

  internally linking to /2024, which does not exist

* At ./_site/2024/12/09/cataracts-types-causes-risks-and-treatment-options.html:197:

  internally linking to /12, which does not exist

* At ./_site/2024/12/09/cataracts-types-causes-risks-and-treatment-options.html:207:

  internally linking to /09, which does not exist

* At ./_site/2024/12/11/childhood-vaccinations-safeguarding-generations-ahead.html:187:

  internally linking to /2024, which does not exist

* At ./_site/2024/12/11/childhood-vaccinations-safeguarding-generations-ahead.html:197:

  internally linking to /12, which does not exist

* At ./_site/2024/12/11/childhood-vaccinations-safeguarding-generations-ahead.html:207:

  internally linking to /11, which does not exist

* At ./_site/2024/12/16/polios-haunting-return-the-danger-of-outlawing-vaccines.html:187:

  internally linking to /2024, which does not exist

* At ./_site/2024/12/16/polios-haunting-return-the-danger-of-outlawing-vaccines.html:197:

  internally linking to /12, which does not exist

* At ./_site/2024/12/16/polios-haunting-return-the-danger-of-outlawing-vaccines.html:207:

  internally linking to /16, which does not exist

* At ./_site/2024/12/18/bowel-movement-frequency-health.html:187:

  internally linking to /2024, which does not exist

* At ./_site/2024/12/18/bowel-movement-frequency-health.html:197:

  internally linking to /12, which does not exist

* At ./_site/2024/12/18/bowel-movement-frequency-health.html:207:

  internally linking to /18, which does not exist

* At ./_site/2024/12/18/crispr-and-you-how-to-stay-informed-about-gene-editing.html:187:

  internally linking to /2024, which does not exist

* At ./_site/2024/12/18/crispr-and-you-how-to-stay-informed-about-gene-editing.html:197:

  internally linking to /12, which does not exist

* At ./_site/2024/12/18/crispr-and-you-how-to-stay-informed-about-gene-editing.html:207:

  internally linking to /18, which does not exist

* At ./_site/2024/12/21/inflammation-and-aging-the-impact-on-human-growth-hormone.html:187:

  internally linking to /2024, which does not exist

* At ./_site/2024/12/21/inflammation-and-aging-the-impact-on-human-growth-hormone.html:197:

  internally linking to /12, which does not exist

* At ./_site/2024/12/21/inflammation-and-aging-the-impact-on-human-growth-hormone.html:207:

  internally linking to /21, which does not exist

* At ./_site/2025/01/04/socioeconomic-status-and-aging-a-healthcare-perspective.html:187:

  internally linking to /2025, which does not exist

* At ./_site/2025/01/04/socioeconomic-status-and-aging-a-healthcare-perspective.html:197:

  internally linking to /01, which does not exist

* At ./_site/2025/01/04/socioeconomic-status-and-aging-a-healthcare-perspective.html:207:

  internally linking to /04, which does not exist

* At ./_site/2025/01/05/sleep-and-heart-health.html:189:

  internally linking to /2025, which does not exist

* At ./_site/2025/01/05/sleep-and-heart-health.html:199:

  internally linking to /01, which does not exist

* At ./_site/2025/01/05/sleep-and-heart-health.html:209:

  internally linking to /05, which does not exist

* At ./_site/2025/01/11/seniors-chair-yoga-strength-mobility-and-balance.html:187:

  internally linking to /2025, which does not exist

* At ./_site/2025/01/11/seniors-chair-yoga-strength-mobility-and-balance.html:197:

  internally linking to /01, which does not exist

* At ./_site/2025/01/11/seniors-chair-yoga-strength-mobility-and-balance.html:207:

  internally linking to /11, which does not exist

* At ./_site/2025/01/15/five-frequently-asked-medical-questions-answered.html:187:

  internally linking to /2025, which does not exist

* At ./_site/2025/01/15/five-frequently-asked-medical-questions-answered.html:197:

  internally linking to /01, which does not exist

* At ./_site/2025/01/15/five-frequently-asked-medical-questions-answered.html:207:

  internally linking to /15, which does not exist

* At ./_site/2025/01/16/the-connection-of-glucose-metabolism-and-alzheimers.html:187:

  internally linking to /2025, which does not exist

* At ./_site/2025/01/16/the-connection-of-glucose-metabolism-and-alzheimers.html:197:

  internally linking to /01, which does not exist

* At ./_site/2025/01/16/the-connection-of-glucose-metabolism-and-alzheimers.html:207:

  internally linking to /16, which does not exist

* At ./_site/2025/01/17/how-does-urgent-care-differ-from-emergency-rooms.html:187:

  internally linking to /2025, which does not exist

* At ./_site/2025/01/17/how-does-urgent-care-differ-from-emergency-rooms.html:197:

  internally linking to /01, which does not exist

* At ./_site/2025/01/17/how-does-urgent-care-differ-from-emergency-rooms.html:207:

  internally linking to /17, which does not exist

* At ./_site/2025/02/01/why-tylenol-is-often-safer-than-advil-for-liver-patients.html:187:

  internally linking to /2025, which does not exist

* At ./_site/2025/02/01/why-tylenol-is-often-safer-than-advil-for-liver-patients.html:197:

  internally linking to /02, which does not exist

* At ./_site/2025/02/01/why-tylenol-is-often-safer-than-advil-for-liver-patients.html:207:

  internally linking to /01, which does not exist

* At ./_site/2026/02/03/the-daily-glucose-medication-tracker.html:187:

  internally linking to /2026, which does not exist

* At ./_site/2026/02/03/the-daily-glucose-medication-tracker.html:197:

  internally linking to /02, which does not exist

* At ./_site/2026/02/03/the-daily-glucose-medication-tracker.html:207:

  internally linking to /03, which does not exist

* At ./_site/[autoimmune]/2026/04/29/rheumatoid-arthritis-vitamin-d.html:242:

  internally linking to /%5Bautoimmune%5D, which does not exist

* At ./_site/[autoimmune]/2026/04/29/rheumatoid-arthritis-vitamin-d.html:252:

  internally linking to /2026, which does not exist

* At ./_site/[autoimmune]/2026/04/29/rheumatoid-arthritis-vitamin-d.html:262:

  internally linking to /04, which does not exist

* At ./_site/[autoimmune]/2026/04/29/rheumatoid-arthritis-vitamin-d.html:272:

  internally linking to /29, which does not exist

* At ./_site/[health research, nutrition]/2026/05/01/gut-brain-nutrition-protocol-lbd.html:242:

  internally linking to /%5Bhealth-research,-nutrition%5D, which does not exist

* At ./_site/[health research, nutrition]/2026/05/01/gut-brain-nutrition-protocol-lbd.html:252:

  internally linking to /2026, which does not exist

* At ./_site/[health research, nutrition]/2026/05/01/gut-brain-nutrition-protocol-lbd.html:262:

  internally linking to /05, which does not exist

* At ./_site/[health research, nutrition]/2026/05/01/gut-brain-nutrition-protocol-lbd.html:272:

  internally linking to /01, which does not exist

* At ./_site/[health research, nutrition]/2026/05/01/gut-brain-nutrition-protocol-lbd.html:545:

  internally linking to /posts/gut-brain-axis-neurodegeneration/, which does not exist

* At ./_site/[health research, nutrition]/2026/05/01/gut-brain-nutrition-protocol-lbd.html:546:

  internally linking to /posts/choosing-medical-partner-guide/, which does not exist

* At ./_site/[health research, physical therapy]/2026/05/02/vagus-nerve-exercise-guide.html:242:

  internally linking to /%5Bhealth-research,-physical-therapy%5D, which does not exist

* At ./_site/[health research, physical therapy]/2026/05/02/vagus-nerve-exercise-guide.html:252:

  internally linking to /2026, which does not exist

* At ./_site/[health research, physical therapy]/2026/05/02/vagus-nerve-exercise-guide.html:262:

  internally linking to /05, which does not exist

* At ./_site/[health research, physical therapy]/2026/05/02/vagus-nerve-exercise-guide.html:272:

  internally linking to /02, which does not exist

* At ./_site/[health research, physical therapy]/2026/05/02/vagus-nerve-exercise-guide.html:427:

  internally linking to /2026/05/gut-brain-nutrition-protocol-lbd.md, which does not exist

* At ./_site/[health research, physical therapy]/2026/05/02/vagus-nerve-exercise-guide.html:544:

  internally linking to /2026/03/choosing-medical-partner-guide.md, which does not exist

* At ./_site/[health research, physical therapy]/2026/05/02/vagus-nerve-exercise-guide.html:551:

  internally linking to /2026/04/vagus-nerve-neurodegeneration.md, which does not exist

* At ./_site/[health research, physical therapy]/2026/05/02/vagus-nerve-exercise-guide.html:552:

  internally linking to /2026/05/gut-brain-nutrition-protocol-lbd.md, which does not exist

* At ./_site/[health research, physical therapy]/2026/05/02/vagus-nerve-exercise-guide.html:553:

  internally linking to /2026/03/choosing-medical-partner-guide.md, which does not exist

* At ./_site/[health research]/2026/04/26/vitamin-d-sarcopenia.html:242:

  internally linking to /%5Bhealth-research%5D, which does not exist

* At ./_site/[health research]/2026/04/26/vitamin-d-sarcopenia.html:252:

  internally linking to /2026, which does not exist

* At ./_site/[health research]/2026/04/26/vitamin-d-sarcopenia.html:262:

  internally linking to /04, which does not exist

* At ./_site/[health research]/2026/04/26/vitamin-d-sarcopenia.html:272:

  internally linking to /26, which does not exist

* At ./_site/brain & mind/2025/04/15/the-burden-unseen-how-anxiety-accelerates-aging.html:242:

  internally linking to /brain-&-mind, which does not exist

* At ./_site/brain & mind/2025/04/15/the-burden-unseen-how-anxiety-accelerates-aging.html:252:

  internally linking to /2025, which does not exist

* At ./_site/brain & mind/2025/04/15/the-burden-unseen-how-anxiety-accelerates-aging.html:262:

  internally linking to /04, which does not exist

* At ./_site/brain & mind/2025/04/15/the-burden-unseen-how-anxiety-accelerates-aging.html:272:

  internally linking to /15, which does not exist

* At ./_site/brain & mind/2025/11/01/estrogen-and-genetics-womens-neurodegeneration-risk.html:242:

  internally linking to /brain-&-mind, which does not exist

* At ./_site/brain & mind/2025/11/01/estrogen-and-genetics-womens-neurodegeneration-risk.html:252:

  internally linking to /2025, which does not exist

* At ./_site/brain & mind/2025/11/01/estrogen-and-genetics-womens-neurodegeneration-risk.html:262:

  internally linking to /11, which does not exist

* At ./_site/brain & mind/2025/11/01/estrogen-and-genetics-womens-neurodegeneration-risk.html:272:

  internally linking to /01, which does not exist

* At ./_site/brain & mind/2025/12/01/movie-tropes-can-impact-real-life-safety.html:242:

  internally linking to /brain-&-mind, which does not exist

* At ./_site/brain & mind/2025/12/01/movie-tropes-can-impact-real-life-safety.html:252:

  internally linking to /2025, which does not exist

* At ./_site/brain & mind/2025/12/01/movie-tropes-can-impact-real-life-safety.html:262:

  internally linking to /12, which does not exist

* At ./_site/brain & mind/2025/12/01/movie-tropes-can-impact-real-life-safety.html:272:

  internally linking to /01, which does not exist

* At ./_site/brain & mind/2025/12/19/the-power-of-the-minds-eye-how-imagination-improves-health.html:242:

  internally linking to /brain-&-mind, which does not exist

* At ./_site/brain & mind/2025/12/19/the-power-of-the-minds-eye-how-imagination-improves-health.html:252:

  internally linking to /2025, which does not exist

* At ./_site/brain & mind/2025/12/19/the-power-of-the-minds-eye-how-imagination-improves-health.html:262:

  internally linking to /12, which does not exist

* At ./_site/brain & mind/2025/12/19/the-power-of-the-minds-eye-how-imagination-improves-health.html:272:

  internally linking to /19, which does not exist

* At ./_site/brain & mind/2026/01/09/brain-health-secrets-exploring-neuroplasticity-benefits.html:242:

  internally linking to /brain-&-mind, which does not exist

* At ./_site/brain & mind/2026/01/09/brain-health-secrets-exploring-neuroplasticity-benefits.html:252:

  internally linking to /2026, which does not exist

* At ./_site/brain & mind/2026/01/09/brain-health-secrets-exploring-neuroplasticity-benefits.html:262:

  internally linking to /01, which does not exist

* At ./_site/brain & mind/2026/01/09/brain-health-secrets-exploring-neuroplasticity-benefits.html:272:

  internally linking to /09, which does not exist

* At ./_site/brain & mind/2026/01/09/brain-health-secrets-exploring-neuroplasticity-benefits.html:529:

  internally linking to /posts/why-akkermansia-is-the-next-frontier-in-weight-management/, which does not exist

* At ./_site/brain & mind/2026/02/22/unlocking-brain-potential-surprising-links-between-liver-and-neurology.html:242:

  internally linking to /brain-&-mind, which does not exist

* At ./_site/brain & mind/2026/02/22/unlocking-brain-potential-surprising-links-between-liver-and-neurology.html:252:

  internally linking to /2026, which does not exist

* At ./_site/brain & mind/2026/02/22/unlocking-brain-potential-surprising-links-between-liver-and-neurology.html:262:

  internally linking to /02, which does not exist

* At ./_site/brain & mind/2026/02/22/unlocking-brain-potential-surprising-links-between-liver-and-neurology.html:272:

  internally linking to /22, which does not exist

* At ./_site/brain & mind/2026/03/08/mind-matters-cultivating-mental-health.html:242:

  internally linking to /brain-&-mind, which does not exist

* At ./_site/brain & mind/2026/03/08/mind-matters-cultivating-mental-health.html:252:

  internally linking to /2026, which does not exist

* At ./_site/brain & mind/2026/03/08/mind-matters-cultivating-mental-health.html:262:

  internally linking to /03, which does not exist

* At ./_site/brain & mind/2026/03/08/mind-matters-cultivating-mental-health.html:272:

  internally linking to /08, which does not exist

* At ./_site/brain & mind/2026/03/08/mind-matters-cultivating-mental-health.html:427:

  internally linking to /posts/cognitive-reframing-cbt-guide/, which does not exist

* At ./_site/brain & mind/2026/03/08/mind-matters-cultivating-mental-health.html:574:

  internally linking to /posts/diabetes-heart-attack-survivor-lessons/, which does not exist

* At ./_site/brain & mind/2026/03/08/mind-matters-cultivating-mental-health.html:575:

  internally linking to /posts/alzheimers-type-3-diabetes-insulin-resistance/, which does not exist

* At ./_site/brain & mind/2026/04/01/plexin-b1-and-other-advancements-in-alzheimers-research.html:242:

  internally linking to /brain-&-mind, which does not exist

* At ./_site/brain & mind/2026/04/01/plexin-b1-and-other-advancements-in-alzheimers-research.html:252:

  internally linking to /2026, which does not exist

* At ./_site/brain & mind/2026/04/01/plexin-b1-and-other-advancements-in-alzheimers-research.html:262:

  internally linking to /04, which does not exist

* At ./_site/brain & mind/2026/04/01/plexin-b1-and-other-advancements-in-alzheimers-research.html:272:

  internally linking to /01, which does not exist

* At ./_site/brain & mind/2026/04/03/plexin-b1-trials.html:242:

  internally linking to /brain-&-mind, which does not exist

* At ./_site/brain & mind/2026/04/03/plexin-b1-trials.html:252:

  internally linking to /2026, which does not exist

* At ./_site/brain & mind/2026/04/03/plexin-b1-trials.html:262:

  internally linking to /04, which does not exist

* At ./_site/brain & mind/2026/04/03/plexin-b1-trials.html:272:

  internally linking to /03, which does not exist

* At ./_site/brain & mind/2026/04/03/the-blood-test-revolution-precision-medicine-in-alzheimers.html:242:

  internally linking to /brain-&-mind, which does not exist

* At ./_site/brain & mind/2026/04/03/the-blood-test-revolution-precision-medicine-in-alzheimers.html:252:

  internally linking to /2026, which does not exist

* At ./_site/brain & mind/2026/04/03/the-blood-test-revolution-precision-medicine-in-alzheimers.html:262:

  internally linking to /04, which does not exist

* At ./_site/brain & mind/2026/04/03/the-blood-test-revolution-precision-medicine-in-alzheimers.html:272:

  internally linking to /03, which does not exist

* At ./_site/brain & mind/2026/04/10/alzheimers-biomarkers.html:242:

  internally linking to /brain-&-mind, which does not exist

* At ./_site/brain & mind/2026/04/10/alzheimers-biomarkers.html:252:

  internally linking to /2026, which does not exist

* At ./_site/brain & mind/2026/04/10/alzheimers-biomarkers.html:262:

  internally linking to /04, which does not exist

* At ./_site/brain & mind/2026/04/10/alzheimers-biomarkers.html:272:

  internally linking to /10, which does not exist

* At ./_site/brain & mind/2026/04/10/brain-rejuvenation-dementia.html:242:

  internally linking to /brain-&-mind, which does not exist

* At ./_site/brain & mind/2026/04/10/brain-rejuvenation-dementia.html:252:

  internally linking to /2026, which does not exist

* At ./_site/brain & mind/2026/04/10/brain-rejuvenation-dementia.html:262:

  internally linking to /04, which does not exist

* At ./_site/brain & mind/2026/04/10/brain-rejuvenation-dementia.html:272:

  internally linking to /10, which does not exist

* At ./_site/brain & mind/2026/04/10/cognitive-reframing-cbt-guide.html:242:

  internally linking to /brain-&-mind, which does not exist

* At ./_site/brain & mind/2026/04/10/cognitive-reframing-cbt-guide.html:252:

  internally linking to /2026, which does not exist

* At ./_site/brain & mind/2026/04/10/cognitive-reframing-cbt-guide.html:262:

  internally linking to /04, which does not exist

* At ./_site/brain & mind/2026/04/10/cognitive-reframing-cbt-guide.html:272:

  internally linking to /10, which does not exist

* At ./_site/brain & mind/2026/04/10/seniors-mental-health-internal-medicine.html:242:

  internally linking to /brain-&-mind, which does not exist

* At ./_site/brain & mind/2026/04/10/seniors-mental-health-internal-medicine.html:252:

  internally linking to /2026, which does not exist

* At ./_site/brain & mind/2026/04/10/seniors-mental-health-internal-medicine.html:262:

  internally linking to /04, which does not exist

* At ./_site/brain & mind/2026/04/10/seniors-mental-health-internal-medicine.html:272:

  internally linking to /10, which does not exist

* At ./_site/brain & mind/2026/04/16/alzheimers-combination-therapy-the-2026-shift.html:242:

  internally linking to /brain-&-mind, which does not exist

* At ./_site/brain & mind/2026/04/16/alzheimers-combination-therapy-the-2026-shift.html:252:

  internally linking to /2026, which does not exist

* At ./_site/brain & mind/2026/04/16/alzheimers-combination-therapy-the-2026-shift.html:262:

  internally linking to /04, which does not exist

* At ./_site/brain & mind/2026/04/16/alzheimers-combination-therapy-the-2026-shift.html:272:

  internally linking to /16, which does not exist

* At ./_site/brain & mind/longevity/2026/01/20/why-akkermansia-is-the-next-frontier-in-weight-management.html:242:

  internally linking to /brain-&-mind, which does not exist

* At ./_site/brain & mind/longevity/2026/01/20/why-akkermansia-is-the-next-frontier-in-weight-management.html:252:

  internally linking to /longevity, which does not exist

* At ./_site/brain & mind/longevity/2026/01/20/why-akkermansia-is-the-next-frontier-in-weight-management.html:262:

  internally linking to /2026, which does not exist

* At ./_site/brain & mind/longevity/2026/01/20/why-akkermansia-is-the-next-frontier-in-weight-management.html:272:

  internally linking to /01, which does not exist

* At ./_site/brain & mind/longevity/2026/01/20/why-akkermansia-is-the-next-frontier-in-weight-management.html:282:

  internally linking to /20, which does not exist

* At ./_site/brain & mind/longevity/2026/01/20/why-akkermansia-is-the-next-frontier-in-weight-management.html:470:

  internally linking to /posts/gut-health-weight-loss/, which does not exist

* At ./_site/categories/index.html:4063:

  internally linking to #page-title; the file exists, but the hash 'page-title' does not

* At ./_site/categories/index.html:5970:

  internally linking to #page-title; the file exists, but the hash 'page-title' does not

* At ./_site/categories/index.html:6893:

  internally linking to #page-title; the file exists, but the hash 'page-title' does not

* At ./_site/categories/index.html:7469:

  internally linking to #page-title; the file exists, but the hash 'page-title' does not

* At ./_site/categories/index.html:7964:

  internally linking to #page-title; the file exists, but the hash 'page-title' does not

* At ./_site/categories/index.html:8307:

  internally linking to #page-title; the file exists, but the hash 'page-title' does not

* At ./_site/categories/index.html:8572:

  internally linking to #page-title; the file exists, but the hash 'page-title' does not

* At ./_site/categories/index.html:8756:

  internally linking to #page-title; the file exists, but the hash 'page-title' does not

* At ./_site/categories/index.html:8913:

  internally linking to #page-title; the file exists, but the hash 'page-title' does not

* At ./_site/categories/index.html:9072:

  internally linking to #page-title; the file exists, but the hash 'page-title' does not

* At ./_site/categories/index.html:9205:

  internally linking to #page-title; the file exists, but the hash 'page-title' does not

* At ./_site/categories/index.html:9321:

  internally linking to #page-title; the file exists, but the hash 'page-title' does not

* At ./_site/categories/index.html:9413:

  internally linking to #page-title; the file exists, but the hash 'page-title' does not

* At ./_site/categories/index.html:9521:

  internally linking to #page-title; the file exists, but the hash 'page-title' does not

* At ./_site/categories/index.html:9617:

  internally linking to #page-title; the file exists, but the hash 'page-title' does not

* At ./_site/categories/index.html:9702:

  internally linking to #page-title; the file exists, but the hash 'page-title' does not

* At ./_site/categories/index.html:9755:

  internally linking to #page-title; the file exists, but the hash 'page-title' does not

* At ./_site/categories/index.html:9808:

  internally linking to #page-title; the file exists, but the hash 'page-title' does not

* At ./_site/categories/index.html:9868:

  internally linking to #page-title; the file exists, but the hash 'page-title' does not

* At ./_site/categories/index.html:9935:

  internally linking to #page-title; the file exists, but the hash 'page-title' does not

* At ./_site/categories/index.html:9992:

  internally linking to #page-title; the file exists, but the hash 'page-title' does not

* At ./_site/categories/index.html:10045:

  internally linking to #page-title; the file exists, but the hash 'page-title' does not

* At ./_site/categories/index.html:10098:

  internally linking to #page-title; the file exists, but the hash 'page-title' does not

* At ./_site/categories/index.html:10149:

  internally linking to #page-title; the file exists, but the hash 'page-title' does not

* At ./_site/categories/index.html:10201:

  internally linking to #page-title; the file exists, but the hash 'page-title' does not

* At ./_site/categories/index.html:10252:

  internally linking to #page-title; the file exists, but the hash 'page-title' does not

* At ./_site/categories/index.html:10303:

  internally linking to #page-title; the file exists, but the hash 'page-title' does not

* At ./_site/categories/index.html:10354:

  internally linking to #page-title; the file exists, but the hash 'page-title' does not

* At ./_site/categories/index.html:10405:

  internally linking to #page-title; the file exists, but the hash 'page-title' does not

* At ./_site/categories/index.html:10456:

  internally linking to #page-title; the file exists, but the hash 'page-title' does not

* At ./_site/categories/index.html:10511:

  internally linking to #page-title; the file exists, but the hash 'page-title' does not

* At ./_site/categories/index.html:10562:

  internally linking to #page-title; the file exists, but the hash 'page-title' does not

* At ./_site/categories/index.html:10613:

  internally linking to #page-title; the file exists, but the hash 'page-title' does not

* At ./_site/clinical research/2024/08/10/crispr-gene-editing-is-reshaping-medicine-and-healthcare.html:242:

  internally linking to /clinical-research, which does not exist

* At ./_site/clinical research/2024/08/10/crispr-gene-editing-is-reshaping-medicine-and-healthcare.html:252:

  internally linking to /2024, which does not exist

* At ./_site/clinical research/2024/08/10/crispr-gene-editing-is-reshaping-medicine-and-healthcare.html:262:

  internally linking to /08, which does not exist

* At ./_site/clinical research/2024/08/10/crispr-gene-editing-is-reshaping-medicine-and-healthcare.html:272:

  internally linking to /10, which does not exist

* At ./_site/clinical research/2024/08/10/crispr-gene-editing-is-reshaping-medicine-and-healthcare.html:444:

  internally linking to /assets/images/crispr-cas9-mechanism.webp, which does not exist

* At ./_site/clinical-data/health-literacy/2025/07/01/rna-innovations-the-future-of-targeted-therapies.html:242:

  internally linking to /clinical-data, which does not exist

* At ./_site/clinical-data/health-literacy/2025/07/01/rna-innovations-the-future-of-targeted-therapies.html:252:

  internally linking to /health-literacy, which does not exist

* At ./_site/clinical-data/health-literacy/2025/07/01/rna-innovations-the-future-of-targeted-therapies.html:262:

  internally linking to /2025, which does not exist

* At ./_site/clinical-data/health-literacy/2025/07/01/rna-innovations-the-future-of-targeted-therapies.html:272:

  internally linking to /07, which does not exist

* At ./_site/clinical-data/health-literacy/2025/07/01/rna-innovations-the-future-of-targeted-therapies.html:282:

  internally linking to /01, which does not exist

* At ./_site/clinical-data/health-literacy/2026/05/14/understanding-hrv-senior-stress.html:241:

  internally linking to /clinical-data, which does not exist

* At ./_site/clinical-data/health-literacy/2026/05/14/understanding-hrv-senior-stress.html:251:

  internally linking to /health-literacy, which does not exist

* At ./_site/clinical-data/health-literacy/2026/05/14/understanding-hrv-senior-stress.html:261:

  internally linking to /2026, which does not exist

* At ./_site/clinical-data/health-literacy/2026/05/14/understanding-hrv-senior-stress.html:271:

  internally linking to /05, which does not exist

* At ./_site/clinical-data/health-literacy/2026/05/14/understanding-hrv-senior-stress.html:281:

  internally linking to /14, which does not exist

* At ./_site/cognitive health/longevity/2026/05/14/age-strong.html:240:

  internally linking to /cognitive-health, which does not exist

* At ./_site/cognitive health/longevity/2026/05/14/age-strong.html:250:

  internally linking to /longevity, which does not exist

* At ./_site/cognitive health/longevity/2026/05/14/age-strong.html:260:

  internally linking to /2026, which does not exist

* At ./_site/cognitive health/longevity/2026/05/14/age-strong.html:270:

  internally linking to /05, which does not exist

* At ./_site/cognitive health/longevity/2026/05/14/age-strong.html:280:

  internally linking to /14, which does not exist

* At ./_site/cognitive health/mental wellness/2026/05/05/perception-vs-reality-health.html:242:

  internally linking to /cognitive-health, which does not exist

* At ./_site/cognitive health/mental wellness/2026/05/05/perception-vs-reality-health.html:252:

  internally linking to /mental-wellness, which does not exist

* At ./_site/cognitive health/mental wellness/2026/05/05/perception-vs-reality-health.html:262:

  internally linking to /2026, which does not exist

* At ./_site/cognitive health/mental wellness/2026/05/05/perception-vs-reality-health.html:272:

  internally linking to /05, which does not exist

* At ./_site/cognitive health/mental wellness/2026/05/05/perception-vs-reality-health.html:282:

  internally linking to /05, which does not exist

* At ./_site/cognitive health/mental wellness/2026/05/05/perception-vs-reality-health.html:646:

  internally linking to /posts/cortisol-stress-hormone-effects-management/, which does not exist

* At ./_site/exercise/longevity/2026/05/05/reasons-to-walk-everyday.html:242:

  internally linking to /exercise, which does not exist

* At ./_site/exercise/longevity/2026/05/05/reasons-to-walk-everyday.html:252:

  internally linking to /longevity, which does not exist

* At ./_site/exercise/longevity/2026/05/05/reasons-to-walk-everyday.html:262:

  internally linking to /2026, which does not exist

* At ./_site/exercise/longevity/2026/05/05/reasons-to-walk-everyday.html:272:

  internally linking to /05, which does not exist

* At ./_site/exercise/longevity/2026/05/05/reasons-to-walk-everyday.html:282:

  internally linking to /05, which does not exist

* At ./_site/exercise/longevity/2026/05/05/reasons-to-walk-everyday.html:561:

  internally linking to /posts/the-protein-paradox-deficiency-signs/, which does not exist

* At ./_site/health literacy/2026/05/13/understanding-lab-results-seniors.html:242:

  internally linking to /health-literacy, which does not exist

* At ./_site/health literacy/2026/05/13/understanding-lab-results-seniors.html:252:

  internally linking to /2026, which does not exist

* At ./_site/health literacy/2026/05/13/understanding-lab-results-seniors.html:262:

  internally linking to /05, which does not exist

* At ./_site/health literacy/2026/05/13/understanding-lab-results-seniors.html:272:

  internally linking to /13, which does not exist

* At ./_site/health literacy/senior advocacy/2026/05/04/medicare-basics-senior-guide.html:242:

  internally linking to /health-literacy, which does not exist

* At ./_site/health literacy/senior advocacy/2026/05/04/medicare-basics-senior-guide.html:252:

  internally linking to /senior-advocacy, which does not exist

* At ./_site/health literacy/senior advocacy/2026/05/04/medicare-basics-senior-guide.html:262:

  internally linking to /2026, which does not exist

* At ./_site/health literacy/senior advocacy/2026/05/04/medicare-basics-senior-guide.html:272:

  internally linking to /05, which does not exist

* At ./_site/health literacy/senior advocacy/2026/05/04/medicare-basics-senior-guide.html:282:

  internally linking to /04, which does not exist

* At ./_site/health literacy/senior advocacy/2026/05/04/medicare-basics-senior-guide.html:571:

  internally linking to /assets/pdf/2026-Biological-Age-Tracker-Guide.pdf, which does not exist

* At ./_site/health literacy/senior advocacy/2026/05/05/aging-top-ten-things-medicare-does-not-cover.html:242:

  internally linking to /health-literacy, which does not exist

* At ./_site/health literacy/senior advocacy/2026/05/05/aging-top-ten-things-medicare-does-not-cover.html:252:

  internally linking to /senior-advocacy, which does not exist

* At ./_site/health literacy/senior advocacy/2026/05/05/aging-top-ten-things-medicare-does-not-cover.html:262:

  internally linking to /2026, which does not exist

* At ./_site/health literacy/senior advocacy/2026/05/05/aging-top-ten-things-medicare-does-not-cover.html:272:

  internally linking to /05, which does not exist

* At ./_site/health literacy/senior advocacy/2026/05/05/aging-top-ten-things-medicare-does-not-cover.html:282:

  internally linking to /05, which does not exist

* At ./_site/health literacy/senior advocacy/2026/05/05/aging-top-ten-things-medicare-does-not-cover.html:615:

  internally linking to /posts/medicare-basics-senior-guide/, which does not exist

* At ./_site/health research/longevity series/2026/05/01/gut-brain-axis-neurodegeneration.html:242:

  internally linking to /health-research, which does not exist

* At ./_site/health research/longevity series/2026/05/01/gut-brain-axis-neurodegeneration.html:252:

  internally linking to /longevity-series, which does not exist

* At ./_site/health research/longevity series/2026/05/01/gut-brain-axis-neurodegeneration.html:262:

  internally linking to /2026, which does not exist

* At ./_site/health research/longevity series/2026/05/01/gut-brain-axis-neurodegeneration.html:272:

  internally linking to /05, which does not exist

* At ./_site/health research/longevity series/2026/05/01/gut-brain-axis-neurodegeneration.html:282:

  internally linking to /01, which does not exist

* At ./_site/health research/longevity series/2026/05/01/gut-brain-axis-neurodegeneration.html:579:

  internally linking to /posts/lewy-body-dementia-guide/, which does not exist

* At ./_site/heart-metabolic/2026/01/12/inverse-vaccines-rewrite-the-rules-of-autoimmune-health.html:242:

  internally linking to /heart-&-metabolic, which does not exist

* At ./_site/heart-metabolic/2026/01/12/inverse-vaccines-rewrite-the-rules-of-autoimmune-health.html:252:

  internally linking to /2026, which does not exist

* At ./_site/heart-metabolic/2026/01/12/inverse-vaccines-rewrite-the-rules-of-autoimmune-health.html:262:

  internally linking to /01, which does not exist

* At ./_site/heart-metabolic/2026/01/12/inverse-vaccines-rewrite-the-rules-of-autoimmune-health.html:272:

  internally linking to /12, which does not exist

* At ./_site/heart-metabolic/2026/01/20/the-apob-analysis.html:242:

  internally linking to /heart-&-metabolic, which does not exist

* At ./_site/heart-metabolic/2026/01/20/the-apob-analysis.html:252:

  internally linking to /2026, which does not exist

* At ./_site/heart-metabolic/2026/01/20/the-apob-analysis.html:262:

  internally linking to /01, which does not exist

* At ./_site/heart-metabolic/2026/01/20/the-apob-analysis.html:272:

  internally linking to /20, which does not exist

* At ./_site/heart-metabolic/2026/01/20/the-apob-analysis.html:457:

  internally linking to /posts/genomic-medicine/, which does not exist

* At ./_site/heart-metabolic/2026/01/24/metabolic-syndrome-criteria-and-health-risks-in-psoriasis.html:242:

  internally linking to /heart-&-metabolic, which does not exist

* At ./_site/heart-metabolic/2026/01/24/metabolic-syndrome-criteria-and-health-risks-in-psoriasis.html:252:

  internally linking to /2026, which does not exist

* At ./_site/heart-metabolic/2026/01/24/metabolic-syndrome-criteria-and-health-risks-in-psoriasis.html:262:

  internally linking to /01, which does not exist

* At ./_site/heart-metabolic/2026/01/24/metabolic-syndrome-criteria-and-health-risks-in-psoriasis.html:272:

  internally linking to /24, which does not exist

* At ./_site/heart-metabolic/2026/01/24/psoriasis-metabolic-syndrome-connection-mortality-risk.html:242:

  internally linking to /heart-&-metabolic, which does not exist

* At ./_site/heart-metabolic/2026/01/24/psoriasis-metabolic-syndrome-connection-mortality-risk.html:252:

  internally linking to /2026, which does not exist

* At ./_site/heart-metabolic/2026/01/24/psoriasis-metabolic-syndrome-connection-mortality-risk.html:262:

  internally linking to /01, which does not exist

* At ./_site/heart-metabolic/2026/01/24/psoriasis-metabolic-syndrome-connection-mortality-risk.html:272:

  internally linking to /24, which does not exist

* At ./_site/heart-metabolic/2026/01/24/psoriasis-metabolic-syndrome-connection-mortality-risk.html:447:

  internally linking to /posts/chronic-inflammation-causes-symptoms-treatment/, which does not exist

* At ./_site/heart-metabolic/2026/01/24/psoriasis-metabolic-syndrome-connection-mortality-risk.html:498:

  internally linking to /posts/dementia-mortality-lucidity-sleep-apnea-aging-brain/, which does not exist

* At ./_site/heart-metabolic/2026/01/24/systemic-inflammation-in-psoriasis-beyond-the-skin.html:242:

  internally linking to /heart-&-metabolic, which does not exist

* At ./_site/heart-metabolic/2026/01/24/systemic-inflammation-in-psoriasis-beyond-the-skin.html:252:

  internally linking to /2026, which does not exist

* At ./_site/heart-metabolic/2026/01/24/systemic-inflammation-in-psoriasis-beyond-the-skin.html:262:

  internally linking to /01, which does not exist

* At ./_site/heart-metabolic/2026/01/24/systemic-inflammation-in-psoriasis-beyond-the-skin.html:272:

  internally linking to /24, which does not exist

* At ./_site/heart-metabolic/2026/01/24/systemic-inflammation-in-psoriasis-beyond-the-skin.html:439:

  internally linking to /posts/psoriasis-metabolic-syndrome-connection-mortality-risk/, which does not exist

* At ./_site/heart-metabolic/2026/01/24/systemic-inflammation-in-psoriasis-beyond-the-skin.html:511:

  internally linking to /posts/psoriasis-metabolic-syndrome-connection-mortality-risk/, which does not exist

* At ./_site/heart-metabolic/2026/03/28/cirrhosis-protein-targets.html:242:

  internally linking to /heart-&-metabolic, which does not exist

* At ./_site/heart-metabolic/2026/03/28/cirrhosis-protein-targets.html:252:

  internally linking to /2026, which does not exist

* At ./_site/heart-metabolic/2026/03/28/cirrhosis-protein-targets.html:262:

  internally linking to /03, which does not exist

* At ./_site/heart-metabolic/2026/03/28/cirrhosis-protein-targets.html:272:

  internally linking to /28, which does not exist

* At ./_site/heart-metabolic/2026/03/28/cirrhosis-protein-targets.html:586:

  internally linking to /p/the-daily-glucose-medication-tracker/, which does not exist

* At ./_site/heart-metabolic/2026/04/10/food-additives-type-2-diabetes.html:242:

  internally linking to /heart-&-metabolic, which does not exist

* At ./_site/heart-metabolic/2026/04/10/food-additives-type-2-diabetes.html:252:

  internally linking to /2026, which does not exist

* At ./_site/heart-metabolic/2026/04/10/food-additives-type-2-diabetes.html:262:

  internally linking to /04, which does not exist

* At ./_site/heart-metabolic/2026/04/10/food-additives-type-2-diabetes.html:272:

  internally linking to /10, which does not exist

* At ./_site/heart-metabolic/2026/05/01/muscle-is-medicine-liver-cirrhosis.html:242:

  internally linking to /heart-&-metabolic, which does not exist

* At ./_site/heart-metabolic/2026/05/01/muscle-is-medicine-liver-cirrhosis.html:252:

  internally linking to /2026, which does not exist

* At ./_site/heart-metabolic/2026/05/01/muscle-is-medicine-liver-cirrhosis.html:262:

  internally linking to /05, which does not exist

* At ./_site/heart-metabolic/2026/05/01/muscle-is-medicine-liver-cirrhosis.html:272:

  internally linking to /01, which does not exist

* At ./_site/heart-metabolic/2026/05/19/the-stealth-metabolic-trap-understanding-sarcopenic-obesity.html:242:

  internally linking to /heart-&-metabolic, which does not exist

* At ./_site/heart-metabolic/2026/05/19/the-stealth-metabolic-trap-understanding-sarcopenic-obesity.html:252:

  internally linking to /2026, which does not exist

* At ./_site/heart-metabolic/2026/05/19/the-stealth-metabolic-trap-understanding-sarcopenic-obesity.html:262:

  internally linking to /05, which does not exist

* At ./_site/heart-metabolic/2026/05/19/the-stealth-metabolic-trap-understanding-sarcopenic-obesity.html:272:

  internally linking to /19, which does not exist

* At ./_site/human anatomy/wellness/2023/11/11/biological-stories-hidden-wonders.html:189:

  internally linking to /human-anatomy, which does not exist

* At ./_site/human anatomy/wellness/2023/11/11/biological-stories-hidden-wonders.html:199:

  internally linking to /wellness, which does not exist

* At ./_site/human anatomy/wellness/2023/11/11/biological-stories-hidden-wonders.html:209:

  internally linking to /2023, which does not exist

* At ./_site/human anatomy/wellness/2023/11/11/biological-stories-hidden-wonders.html:219:

  internally linking to /11, which does not exist

* At ./_site/human anatomy/wellness/2023/11/11/biological-stories-hidden-wonders.html:229:

  internally linking to /11, which does not exist

* At ./_site/human anatomy/wellness/2023/11/11/biological-stories-hidden-wonders.html:490:

  internally linking to /posts/dementia-research-2026-ptau217-blood-test-breakthroughs/, which does not exist

* At ./_site/human anatomy/wellness/2023/11/11/biological-stories-hidden-wonders.html:493:

  internally linking to /posts/genomic-medicine-2026-senior-health-guide/, which does not exist

* At ./_site/liver health/2025/04/29/liver-cirrhosis-and-varices-symptoms-risks-treatments.html:242:

  internally linking to /liver-health, which does not exist

* At ./_site/liver health/2025/04/29/liver-cirrhosis-and-varices-symptoms-risks-treatments.html:252:

  internally linking to /2025, which does not exist

* At ./_site/liver health/2025/04/29/liver-cirrhosis-and-varices-symptoms-risks-treatments.html:262:

  internally linking to /04, which does not exist

* At ./_site/liver health/2025/04/29/liver-cirrhosis-and-varices-symptoms-risks-treatments.html:272:

  internally linking to /29, which does not exist

* At ./_site/longevity/2025/06/27/the-path-to-safer-vaccines-what-needs-to-change.html:242:

  internally linking to /longevity, which does not exist

* At ./_site/longevity/2025/06/27/the-path-to-safer-vaccines-what-needs-to-change.html:252:

  internally linking to /2025, which does not exist

* At ./_site/longevity/2025/06/27/the-path-to-safer-vaccines-what-needs-to-change.html:262:

  internally linking to /06, which does not exist

* At ./_site/longevity/2025/06/27/the-path-to-safer-vaccines-what-needs-to-change.html:272:

  internally linking to /27, which does not exist

* At ./_site/longevity/2025/07/02/doctor-internet-practice-online-health-advice-safety.html:242:

  internally linking to /longevity, which does not exist

* At ./_site/longevity/2025/07/02/doctor-internet-practice-online-health-advice-safety.html:252:

  internally linking to /2025, which does not exist

* At ./_site/longevity/2025/07/02/doctor-internet-practice-online-health-advice-safety.html:262:

  internally linking to /07, which does not exist

* At ./_site/longevity/2025/07/02/doctor-internet-practice-online-health-advice-safety.html:272:

  internally linking to /02, which does not exist

* At ./_site/longevity/2025/07/02/doctor-internet-practice-online-health-advice-safety.html:469:

  internally linking to /posts/ent-doctor/, which does not exist

* At ./_site/longevity/2025/07/13/be-ready-things-to-know-for-emergency-preparedness.html:242:

  internally linking to /longevity, which does not exist

* At ./_site/longevity/2025/07/13/be-ready-things-to-know-for-emergency-preparedness.html:252:

  internally linking to /2025, which does not exist

* At ./_site/longevity/2025/07/13/be-ready-things-to-know-for-emergency-preparedness.html:262:

  internally linking to /07, which does not exist

* At ./_site/longevity/2025/07/13/be-ready-things-to-know-for-emergency-preparedness.html:272:

  internally linking to /13, which does not exist

* At ./_site/longevity/2025/07/13/be-ready-things-to-know-for-emergency-preparedness.html:487:

  internally linking to /posts/is-heart-attack-risk-increased-more-by/, which does not exist

* At ./_site/longevity/2025/07/22/harnessing-the-ai-healthcare-revolution.html:242:

  internally linking to /longevity, which does not exist

* At ./_site/longevity/2025/07/22/harnessing-the-ai-healthcare-revolution.html:252:

  internally linking to /2025, which does not exist

* At ./_site/longevity/2025/07/22/harnessing-the-ai-healthcare-revolution.html:262:

  internally linking to /07, which does not exist

* At ./_site/longevity/2025/07/22/harnessing-the-ai-healthcare-revolution.html:272:

  internally linking to /22, which does not exist

* At ./_site/longevity/2025/07/22/harnessing-the-ai-healthcare-revolution.html:465:

  internally linking to /posts/heartburn-vs-heart-attack-know-the-warning-signs/, which does not exist

* At ./_site/longevity/2025/07/22/harnessing-the-ai-healthcare-revolution.html:476:

  internally linking to /posts/senior-care-ai-early-sepsis-detection-saves-lives/, which does not exist

* At ./_site/longevity/2025/07/22/harnessing-the-ai-healthcare-revolution.html:524:

  internally linking to /posts/the-essential-health-screenings-guide-for-seniors/, which does not exist

* At ./_site/longevity/2025/07/22/harnessing-the-ai-healthcare-revolution.html:542:

  internally linking to /posts/support-senior-mental-health/, which does not exist

* At ./_site/longevity/2025/07/22/harnessing-the-ai-healthcare-revolution.html:548:

  internally linking to /posts/tbi-in-older-adults-fall-prevention-recovery/, which does not exist

* At ./_site/longevity/2025/09/16/the-essential-health-screenings-guide-for-seniors-65.html:242:

  internally linking to /longevity, which does not exist

* At ./_site/longevity/2025/09/16/the-essential-health-screenings-guide-for-seniors-65.html:252:

  internally linking to /2025, which does not exist

* At ./_site/longevity/2025/09/16/the-essential-health-screenings-guide-for-seniors-65.html:262:

  internally linking to /09, which does not exist

* At ./_site/longevity/2025/09/16/the-essential-health-screenings-guide-for-seniors-65.html:272:

  internally linking to /16, which does not exist

* At ./_site/longevity/2025/10/06/the-connection-between-falls-and-traumatic-brain-injury.html:242:

  internally linking to /longevity, which does not exist

* At ./_site/longevity/2025/10/06/the-connection-between-falls-and-traumatic-brain-injury.html:252:

  internally linking to /2025, which does not exist

* At ./_site/longevity/2025/10/06/the-connection-between-falls-and-traumatic-brain-injury.html:262:

  internally linking to /10, which does not exist

* At ./_site/longevity/2025/10/06/the-connection-between-falls-and-traumatic-brain-injury.html:272:

  internally linking to /06, which does not exist

* At ./_site/longevity/2025/10/06/tips-to-stay-active-and-healthy-after-50.html:242:

  internally linking to /longevity, which does not exist

* At ./_site/longevity/2025/10/06/tips-to-stay-active-and-healthy-after-50.html:252:

  internally linking to /2025, which does not exist

* At ./_site/longevity/2025/10/06/tips-to-stay-active-and-healthy-after-50.html:262:

  internally linking to /10, which does not exist

* At ./_site/longevity/2025/10/06/tips-to-stay-active-and-healthy-after-50.html:272:

  internally linking to /06, which does not exist

* At ./_site/longevity/2025/12/04/unmasking-alpha-1-the-hidden-gene-link-between-lung-liver-health.html:242:

  internally linking to /longevity, which does not exist

* At ./_site/longevity/2025/12/04/unmasking-alpha-1-the-hidden-gene-link-between-lung-liver-health.html:252:

  internally linking to /2025, which does not exist

* At ./_site/longevity/2025/12/04/unmasking-alpha-1-the-hidden-gene-link-between-lung-liver-health.html:262:

  internally linking to /12, which does not exist

* At ./_site/longevity/2025/12/04/unmasking-alpha-1-the-hidden-gene-link-between-lung-liver-health.html:272:

  internally linking to /04, which does not exist

* At ./_site/longevity/2025/12/17/navigating-life-when-your-spouse-has-a-chronic-illness.html:242:

  internally linking to /longevity, which does not exist

* At ./_site/longevity/2025/12/17/navigating-life-when-your-spouse-has-a-chronic-illness.html:252:

  internally linking to /2025, which does not exist

* At ./_site/longevity/2025/12/17/navigating-life-when-your-spouse-has-a-chronic-illness.html:262:

  internally linking to /12, which does not exist

* At ./_site/longevity/2025/12/17/navigating-life-when-your-spouse-has-a-chronic-illness.html:272:

  internally linking to /17, which does not exist

* At ./_site/longevity/2025/12/27/understanding-gallbladder-and-bile-duct-cancer.html:242:

  internally linking to /longevity, which does not exist

* At ./_site/longevity/2025/12/27/understanding-gallbladder-and-bile-duct-cancer.html:252:

  internally linking to /2025, which does not exist

* At ./_site/longevity/2025/12/27/understanding-gallbladder-and-bile-duct-cancer.html:262:

  internally linking to /12, which does not exist

* At ./_site/longevity/2025/12/27/understanding-gallbladder-and-bile-duct-cancer.html:272:

  internally linking to /27, which does not exist

* At ./_site/longevity/2025/12/28/senior-mental-and-physical-health-in-a-fast-changing-world.html:242:

  internally linking to /longevity, which does not exist

* At ./_site/longevity/2025/12/28/senior-mental-and-physical-health-in-a-fast-changing-world.html:252:

  internally linking to /2025, which does not exist

* At ./_site/longevity/2025/12/28/senior-mental-and-physical-health-in-a-fast-changing-world.html:262:

  internally linking to /12, which does not exist

* At ./_site/longevity/2025/12/28/senior-mental-and-physical-health-in-a-fast-changing-world.html:272:

  internally linking to /28, which does not exist

* At ./_site/longevity/2025/12/30/is-pneumonia-contagious-how-it-spreads-and-lung-health.html:242:

  internally linking to /longevity, which does not exist

* At ./_site/longevity/2025/12/30/is-pneumonia-contagious-how-it-spreads-and-lung-health.html:252:

  internally linking to /2025, which does not exist

* At ./_site/longevity/2025/12/30/is-pneumonia-contagious-how-it-spreads-and-lung-health.html:262:

  internally linking to /12, which does not exist

* At ./_site/longevity/2025/12/30/is-pneumonia-contagious-how-it-spreads-and-lung-health.html:272:

  internally linking to /30, which does not exist

* At ./_site/longevity/2026/01/15/medical-science-advances-2026.html:240:

  internally linking to /longevity, which does not exist

* At ./_site/longevity/2026/01/15/medical-science-advances-2026.html:250:

  internally linking to /2026, which does not exist

* At ./_site/longevity/2026/01/15/medical-science-advances-2026.html:260:

  internally linking to /01, which does not exist

* At ./_site/longevity/2026/01/15/medical-science-advances-2026.html:270:

  internally linking to /15, which does not exist

* At ./_site/longevity/2026/01/15/medical-science-advances-2026.html:452:

  internally linking to /posts/senior-health-education/, which does not exist

* At ./_site/longevity/2026/01/15/medical-science-advances-2026.html:466:

  internally linking to /posts/precision-medicine-aging/, which does not exist

* At ./_site/longevity/2026/01/15/medical-science-advances-2026.html:521:

  internally linking to /posts/genomics-and-longevity/, which does not exist

* At ./_site/longevity/2026/01/17/the-cellular-pillar-autophagy-metabolic-signaling.html:242:

  internally linking to /longevity, which does not exist

* At ./_site/longevity/2026/01/17/the-cellular-pillar-autophagy-metabolic-signaling.html:252:

  internally linking to /2026, which does not exist

* At ./_site/longevity/2026/01/17/the-cellular-pillar-autophagy-metabolic-signaling.html:262:

  internally linking to /01, which does not exist

* At ./_site/longevity/2026/01/17/the-cellular-pillar-autophagy-metabolic-signaling.html:272:

  internally linking to /17, which does not exist

* At ./_site/longevity/2026/01/17/the-comprehensive-protocol-to-human-longevity.html:242:

  internally linking to /longevity, which does not exist

* At ./_site/longevity/2026/01/17/the-comprehensive-protocol-to-human-longevity.html:252:

  internally linking to /2026, which does not exist

* At ./_site/longevity/2026/01/17/the-comprehensive-protocol-to-human-longevity.html:262:

  internally linking to /01, which does not exist

* At ./_site/longevity/2026/01/17/the-comprehensive-protocol-to-human-longevity.html:272:

  internally linking to /17, which does not exist

* At ./_site/longevity/2026/01/17/the-comprehensive-protocol-to-human-longevity.html:451:

  internally linking to /posts/the-protein-paradox-metabolism-amino/, which does not exist

* At ./_site/longevity/2026/01/17/the-comprehensive-protocol-to-human-longevity.html:456:

  internally linking to /search/label/Neuro, which does not exist

* At ./_site/longevity/2026/01/22/the-new-food-pyramid-and-food-prices-what-families-need-to-know.html:242:

  internally linking to /longevity, which does not exist

* At ./_site/longevity/2026/01/22/the-new-food-pyramid-and-food-prices-what-families-need-to-know.html:252:

  internally linking to /2026, which does not exist

* At ./_site/longevity/2026/01/22/the-new-food-pyramid-and-food-prices-what-families-need-to-know.html:262:

  internally linking to /01, which does not exist

* At ./_site/longevity/2026/01/22/the-new-food-pyramid-and-food-prices-what-families-need-to-know.html:272:

  internally linking to /22, which does not exist

* At ./_site/longevity/2026/02/22/the-big-6-of-health-unveiling-the-pillars-of-well-being.html:242:

  internally linking to /longevity, which does not exist

* At ./_site/longevity/2026/02/22/the-big-6-of-health-unveiling-the-pillars-of-well-being.html:252:

  internally linking to /2026, which does not exist

* At ./_site/longevity/2026/02/22/the-big-6-of-health-unveiling-the-pillars-of-well-being.html:262:

  internally linking to /02, which does not exist

* At ./_site/longevity/2026/02/22/the-big-6-of-health-unveiling-the-pillars-of-well-being.html:272:

  internally linking to /22, which does not exist

* At ./_site/longevity/2026/03/31/healthy-aging-evidence-based-tips.html:242:

  internally linking to /longevity, which does not exist

* At ./_site/longevity/2026/03/31/healthy-aging-evidence-based-tips.html:252:

  internally linking to /2026, which does not exist

* At ./_site/longevity/2026/03/31/healthy-aging-evidence-based-tips.html:262:

  internally linking to /03, which does not exist

* At ./_site/longevity/2026/03/31/healthy-aging-evidence-based-tips.html:272:

  internally linking to /31, which does not exist

* At ./_site/longevity/2026/03/31/healthy-aging-evidence-based-tips.html:431:

  internally linking to /posts/medical-questionnaires-confuse-patients/, which does not exist

* At ./_site/longevity/2026/03/31/healthy-aging-evidence-based-tips.html:446:

  internally linking to /posts/loneliness-chronic-disease/, which does not exist

* At ./_site/longevity/2026/03/31/healthy-aging-evidence-based-tips.html:495:

  internally linking to /posts/creatine-older-adults-maintain-muscle/, which does not exist

* At ./_site/longevity/2026/04/03/choosing-medical-partner.html:242:

  internally linking to /longevity, which does not exist

* At ./_site/longevity/2026/04/03/choosing-medical-partner.html:252:

  internally linking to /2026, which does not exist

* At ./_site/longevity/2026/04/03/choosing-medical-partner.html:262:

  internally linking to /04, which does not exist

* At ./_site/longevity/2026/04/03/choosing-medical-partner.html:272:

  internally linking to /03, which does not exist

* At ./_site/longevity/2026/04/10/communicate-health-goals-annual-doctor-visit.html:242:

  internally linking to /longevity, which does not exist

* At ./_site/longevity/2026/04/10/communicate-health-goals-annual-doctor-visit.html:252:

  internally linking to /2026, which does not exist

* At ./_site/longevity/2026/04/10/communicate-health-goals-annual-doctor-visit.html:262:

  internally linking to /04, which does not exist

* At ./_site/longevity/2026/04/10/communicate-health-goals-annual-doctor-visit.html:272:

  internally linking to /10, which does not exist

* At ./_site/longevity/2026/04/10/genomic-medicine-precision-health.html:242:

  internally linking to /longevity, which does not exist

* At ./_site/longevity/2026/04/10/genomic-medicine-precision-health.html:252:

  internally linking to /2026, which does not exist

* At ./_site/longevity/2026/04/10/genomic-medicine-precision-health.html:262:

  internally linking to /04, which does not exist

* At ./_site/longevity/2026/04/10/genomic-medicine-precision-health.html:272:

  internally linking to /10, which does not exist

* At ./_site/longevity/2026/04/10/is-your-doctor-a-partner.html:242:

  internally linking to /longevity, which does not exist

* At ./_site/longevity/2026/04/10/is-your-doctor-a-partner.html:252:

  internally linking to /2026, which does not exist

* At ./_site/longevity/2026/04/10/is-your-doctor-a-partner.html:262:

  internally linking to /04, which does not exist

* At ./_site/longevity/2026/04/10/is-your-doctor-a-partner.html:272:

  internally linking to /10, which does not exist

* At ./_site/longevity/2026/05/21/the-senior-healthspan-imperative.html:242:

  internally linking to /longevity, which does not exist

* At ./_site/longevity/2026/05/21/the-senior-healthspan-imperative.html:252:

  internally linking to /2026, which does not exist

* At ./_site/longevity/2026/05/21/the-senior-healthspan-imperative.html:262:

  internally linking to /05, which does not exist

* At ./_site/longevity/2026/05/21/the-senior-healthspan-imperative.html:272:

  internally linking to /21, which does not exist

* At ./_site/longevity/2026/05/22/2026-guide-the-biggest-health-challenges-in-the-united-states.html:242:

  internally linking to /longevity, which does not exist

* At ./_site/longevity/2026/05/22/2026-guide-the-biggest-health-challenges-in-the-united-states.html:252:

  internally linking to /2026, which does not exist

* At ./_site/longevity/2026/05/22/2026-guide-the-biggest-health-challenges-in-the-united-states.html:262:

  internally linking to /05, which does not exist

* At ./_site/longevity/2026/05/22/2026-guide-the-biggest-health-challenges-in-the-united-states.html:272:

  internally linking to /22, which does not exist

* At ./_site/longevity/2026/05/24/collagen-peptides-for-seniors-help-or-hype.html:242:

  internally linking to /longevity, which does not exist

* At ./_site/longevity/2026/05/24/collagen-peptides-for-seniors-help-or-hype.html:252:

  internally linking to /2026, which does not exist

* At ./_site/longevity/2026/05/24/collagen-peptides-for-seniors-help-or-hype.html:262:

  internally linking to /05, which does not exist

* At ./_site/longevity/2026/05/24/collagen-peptides-for-seniors-help-or-hype.html:272:

  internally linking to /24, which does not exist

* At ./_site/metabolism/2025/10/26/from-teeth-to-bones-can-xylitol-can-transform-your-well-being.html:242:

  internally linking to /metabolism, which does not exist

* At ./_site/metabolism/2025/10/26/from-teeth-to-bones-can-xylitol-can-transform-your-well-being.html:252:

  internally linking to /2025, which does not exist

* At ./_site/metabolism/2025/10/26/from-teeth-to-bones-can-xylitol-can-transform-your-well-being.html:262:

  internally linking to /10, which does not exist

* At ./_site/metabolism/2025/10/26/from-teeth-to-bones-can-xylitol-can-transform-your-well-being.html:272:

  internally linking to /26, which does not exist

* At ./_site/metabolism/2025/11/19/new-science-reveals-how-ultra-processed-foods-damage-your-body.html:242:

  internally linking to /metabolism, which does not exist

* At ./_site/metabolism/2025/11/19/new-science-reveals-how-ultra-processed-foods-damage-your-body.html:252:

  internally linking to /2025, which does not exist

* At ./_site/metabolism/2025/11/19/new-science-reveals-how-ultra-processed-foods-damage-your-body.html:262:

  internally linking to /11, which does not exist

* At ./_site/metabolism/2025/11/19/new-science-reveals-how-ultra-processed-foods-damage-your-body.html:272:

  internally linking to /19, which does not exist

* At ./_site/metabolism/2025/11/19/ozempic-semaglutide-in-older-adults-benefits-risks-and-medicare-coverage.html:242:

  internally linking to /metabolism, which does not exist

* At ./_site/metabolism/2025/11/19/ozempic-semaglutide-in-older-adults-benefits-risks-and-medicare-coverage.html:252:

  internally linking to /2025, which does not exist

* At ./_site/metabolism/2025/11/19/ozempic-semaglutide-in-older-adults-benefits-risks-and-medicare-coverage.html:262:

  internally linking to /11, which does not exist

* At ./_site/metabolism/2025/11/19/ozempic-semaglutide-in-older-adults-benefits-risks-and-medicare-coverage.html:272:

  internally linking to /19, which does not exist

* At ./_site/metabolism/2025/11/28/how-to-naturally-prevent-or-reverse-fatty-liver-disease.html:242:

  internally linking to /metabolism, which does not exist

* At ./_site/metabolism/2025/11/28/how-to-naturally-prevent-or-reverse-fatty-liver-disease.html:252:

  internally linking to /2025, which does not exist

* At ./_site/metabolism/2025/11/28/how-to-naturally-prevent-or-reverse-fatty-liver-disease.html:262:

  internally linking to /11, which does not exist

* At ./_site/metabolism/2025/11/28/how-to-naturally-prevent-or-reverse-fatty-liver-disease.html:272:

  internally linking to /28, which does not exist

* At ./_site/metabolism/2025/12/21/gut-health-sorting-probiotic-prebiotic-fact-from-fiction.html:242:

  internally linking to /metabolism, which does not exist

* At ./_site/metabolism/2025/12/21/gut-health-sorting-probiotic-prebiotic-fact-from-fiction.html:252:

  internally linking to /2025, which does not exist

* At ./_site/metabolism/2025/12/21/gut-health-sorting-probiotic-prebiotic-fact-from-fiction.html:262:

  internally linking to /12, which does not exist

* At ./_site/metabolism/2025/12/21/gut-health-sorting-probiotic-prebiotic-fact-from-fiction.html:272:

  internally linking to /21, which does not exist

* At ./_site/metabolism/2025/12/26/empower-your-butterfly-january-is-thyroid-awareness-month.html:242:

  internally linking to /metabolism, which does not exist

* At ./_site/metabolism/2025/12/26/empower-your-butterfly-january-is-thyroid-awareness-month.html:252:

  internally linking to /2025, which does not exist

* At ./_site/metabolism/2025/12/26/empower-your-butterfly-january-is-thyroid-awareness-month.html:262:

  internally linking to /12, which does not exist

* At ./_site/metabolism/2025/12/26/empower-your-butterfly-january-is-thyroid-awareness-month.html:272:

  internally linking to /26, which does not exist

* At ./_site/metabolism/2026/04/23/senior-care-ai-early-sepsis-detection-saves-lives.html:242:

  internally linking to /metabolism, which does not exist

* At ./_site/metabolism/2026/04/23/senior-care-ai-early-sepsis-detection-saves-lives.html:252:

  internally linking to /2026, which does not exist

* At ./_site/metabolism/2026/04/23/senior-care-ai-early-sepsis-detection-saves-lives.html:262:

  internally linking to /04, which does not exist

* At ./_site/metabolism/2026/04/23/senior-care-ai-early-sepsis-detection-saves-lives.html:272:

  internally linking to /23, which does not exist

* At ./_site/nutrition/2024/08/16/intermittent-fasting-cutting-the-hype-debunking-myths.html:242:

  internally linking to /nutrition, which does not exist

* At ./_site/nutrition/2024/08/16/intermittent-fasting-cutting-the-hype-debunking-myths.html:252:

  internally linking to /2024, which does not exist

* At ./_site/nutrition/2024/08/16/intermittent-fasting-cutting-the-hype-debunking-myths.html:262:

  internally linking to /08, which does not exist

* At ./_site/nutrition/2024/08/16/intermittent-fasting-cutting-the-hype-debunking-myths.html:272:

  internally linking to /16, which does not exist

* At ./_site/nutrition/longevity/2026/05/06/the-protein-paradox-deficiency-signs.html:242:

  internally linking to /nutrition, which does not exist

* At ./_site/nutrition/longevity/2026/05/06/the-protein-paradox-deficiency-signs.html:252:

  internally linking to /longevity, which does not exist

* At ./_site/nutrition/longevity/2026/05/06/the-protein-paradox-deficiency-signs.html:262:

  internally linking to /2026, which does not exist

* At ./_site/nutrition/longevity/2026/05/06/the-protein-paradox-deficiency-signs.html:272:

  internally linking to /05, which does not exist

* At ./_site/nutrition/longevity/2026/05/06/the-protein-paradox-deficiency-signs.html:282:

  internally linking to /06, which does not exist

* At ./_site/posts/anemia-what-you-need-to-know/index.html:243:

  internally linking to /posts/, which does not exist

* At ./_site/posts/brain-health-is-alzheimers-really-type-3-diabetes/index.html:243:

  internally linking to /posts/, which does not exist

* At ./_site/posts/brain-health-is-alzheimers-really-type-3-diabetes/index.html:526:

  internally linking to /p/the-daily-glucose-medication-tracker/, which does not exist

* At ./_site/posts/colon-cancer-genetic-roots-precision-breakthroughs/index.html:243:

  internally linking to /posts/, which does not exist

* At ./_site/posts/colon-cancer-genetic-roots-precision-breakthroughs/index.html:481:

  internally linking to /home-safety-checklist/, which does not exist

* At ./_site/posts/colon-cancer-genetic-roots-precision-breakthroughs/index.html:513:

  internally linking to /home-safety-checklist/, which does not exist

* At ./_site/posts/colon-cancer-genetic-roots-precision-breakthroughs/index.html:514:

  internally linking to /how-we-research/, which does not exist

* At ./_site/posts/dementia-awareness-early-symptoms-metabolic-fog/index.html:242:

  internally linking to /posts/, which does not exist

* At ./_site/posts/dementia-awareness-early-symptoms-metabolic-fog/index.html:502:

  internally linking to /p/the-daily-glucose-medication-tracker/, which does not exist

* At ./_site/posts/dementia-awareness-early-symptoms-metabolic-fog/index.html:504:

  internally linking to /posts/the-great-protein-flip-why-resting-the-liver-is-outdated/, which does not exist

* At ./_site/posts/do-biologic-therapies-reduce-mortality-psoriasis/index.html:242:

  internally linking to /posts/, which does not exist

* At ./_site/posts/do-biologic-therapies-reduce-mortality-psoriasis/index.html:500:

  internally linking to /posts/big-six-pillars-optimal-aging-health/, which does not exist

* At ./_site/posts/immigration-crackdowns-caregiving-industry-impact/index.html:242:

  internally linking to /posts/, which does not exist

* At ./_site/posts/immigration-crackdowns-caregiving-industry-impact/index.html:518:

  internally linking to /posts/mental-health-self-care/, which does not exist

* At ./_site/posts/inflation-impact-senior-healthcare-advocacy/index.html:243:

  internally linking to /posts/, which does not exist

* At ./_site/posts/inflation-impact-senior-healthcare-advocacy/index.html:482:

  internally linking to /p/the-daily-glucose-medication-tracker/, which does not exist

* At ./_site/posts/keto-diet-metabolic-mechanisms-neurological-benefits/index.html:208:

  internally linking to /posts/, which does not exist

* At ./_site/posts/keto-diet-metabolic-mechanisms-neurological-benefits/index.html:523:

  internally linking to /p/the-daily-glucose-medication-tracker/, which does not exist

* At ./_site/posts/lessons-from-a-2008-heart-attack-survivor/index.html:243:

  internally linking to /posts/, which does not exist

* At ./_site/posts/lessons-from-a-2008-heart-attack-survivor/index.html:537:

  internally linking to /p/the-daily-glucose-medication-tracker/, which does not exist

* At ./_site/posts/lessons-from-a-2008-heart-attack-survivor/index.html:539:

  internally linking to /posts/the-great-protein-flip-why-resting-the-liver-is-outdated/, which does not exist

* At ./_site/posts/lewy-body-dementia-symptoms-care/index.html:208:

  internally linking to /posts/, which does not exist

* At ./_site/posts/liver-cirrhosis-understanding-decompensation/index.html:208:

  internally linking to /posts/, which does not exist

* At ./_site/posts/liver-cirrhosis-understanding-decompensation/index.html:565:

  internally linking to /p/the-daily-glucose-medication-tracker/, which does not exist

* At ./_site/posts/low-glycemic-foods-list-sugar-management/index.html:243:

  internally linking to /posts/, which does not exist

* At ./_site/posts/low-glycemic-foods-list-sugar-management/index.html:514:

  internally linking to /p/the-daily-glucose-medication-tracker/, which does not exist

* At ./_site/posts/low-glycemic-foods-list-sugar-management/index.html:550:

  internally linking to /posts/the-great-protein-flip-why-resting-the-liver-is-outdated/, which does not exist

* At ./_site/posts/low-glycemic-foods-sugar-management/index.html:189:

  internally linking to /posts/, which does not exist

* At ./_site/posts/low-glycemic-foods-sugar-management/index.html:398:

  internally linking to assets/img/glycemic-load-index.webp, which does not exist

* At ./_site/posts/low-glycemic-foods-sugar-management/index.html:435:

  internally linking to /how-we-research/#Glycemic-Load, which does not exist

* At ./_site/posts/medicaid-cuts-rural-hospitals-health-impact/index.html:242:

  internally linking to /posts/, which does not exist

* At ./_site/posts/medical-questionnaires-confuse-patients-fixes/index.html:208:

  internally linking to /posts/, which does not exist

* At ./_site/posts/medical-questionnaires-confuse-patients-fixes/index.html:552:

  internally linking to /p/the-daily-glucose-medication-tracker/, which does not exist

* At ./_site/posts/medication-consistency-crucial-hypertension/index.html:243:

  internally linking to /posts/, which does not exist

* At ./_site/posts/mini-stroke-prevention-liver-pressure-carvedilol/index.html:208:

  internally linking to /posts/, which does not exist

* At ./_site/posts/mini-stroke-prevention-liver-pressure-carvedilol/index.html:506:

  internally linking to /p/the-daily-glucose-medication-tracker/, which does not exist

* At ./_site/posts/mini-stroke-prevention-liver-pressure-carvedilol/index.html:508:

  internally linking to /posts/the-great-protein-flip-why-resting-the-liver-is-outdated/, which does not exist

* At ./_site/posts/mini-stroke-symptoms-first-48-hours-prevention/index.html:243:

  internally linking to /posts/, which does not exist

* At ./_site/posts/mini-stroke-symptoms-first-48-hours-prevention/index.html:511:

  internally linking to /p/the-daily-glucose-medication-tracker/, which does not exist

* At ./_site/posts/mini-stroke-symptoms-first-48-hours-prevention/index.html:545:

  internally linking to /posts/the-great-protein-flip-why-resting-the-liver-is-outdated/, which does not exist

* At ./_site/posts/navigating-maze-of-modern-healthcare/index.html:242:

  internally linking to /posts/, which does not exist

* At ./_site/posts/patient-led-clinical-insights-liver-health/index.html:243:

  internally linking to /posts/, which does not exist

* At ./_site/posts/patient-led-clinical-insights-liver-health/index.html:461:

  internally linking to /p/the-daily-glucose-medication-tracker/, which does not exist

* At ./_site/posts/patient-led-clinical-insights-liver-health/index.html:495:

  internally linking to /posts/the-great-protein-flip-why-resting-the-liver-is-outdated/, which does not exist

* At ./_site/posts/psoriasis-and-cardiovascular-disease/index.html:242:

  internally linking to /posts/, which does not exist

* At ./_site/posts/psoriasis-and-cardiovascular-disease/index.html:418:

  internally linking to /posts/big-six-pillars-optimal-aging-health/, which does not exist

* At ./_site/posts/quitting-smoking-psoriasis-inflammation/index.html:243:

  internally linking to /posts/, which does not exist

* At ./_site/posts/quitting-smoking-psoriasis-inflammation/index.html:500:

  internally linking to /posts/arthritis-foods-to-avoid/, which does not exist

* At ./_site/posts/seniors-heart-health-tips/index.html:189:

  internally linking to /posts/, which does not exist

* At ./_site/posts/seniors-heart-health-tips/index.html:441:

  internally linking to /posts/big-six-pillars-optimal-aging-health/, which does not exist

* At ./_site/posts/the-science-of-pain-biological-origins-management/index.html:242:

  internally linking to /posts/, which does not exist

* At ./_site/posts/understanding-diabetes-managing-blood-sugar/index.html:243:

  internally linking to /posts/, which does not exist

* At ./_site/posts/understanding-diabetes-managing-blood-sugar/index.html:565:

  internally linking to /p/the-daily-glucose-medication-tracker/, which does not exist

* At ./_site/posts/understanding-osteoarthritis-joint-health/index.html:208:

  internally linking to /posts/, which does not exist

* At ./_site/posts/understanding-osteoarthritis-joint-health/index.html:623:

  internally linking to /p/the-daily-glucose-medication-tracker/, which does not exist

* At ./_site/posts/vaccines-infections-diseases-circadian-rhythm/index.html:242:

  internally linking to /posts/, which does not exist

* At ./_site/posts/vaccines-infections-diseases-circadian-rhythm/index.html:498:

  internally linking to /posts/is-heart-attack-risk-increased-more-by/, which does not exist

* At ./_site/posts/whos-intrinsic-capacity-framework-explained/index.html:243:

  internally linking to /posts/, which does not exist

* At ./_site/posts/whos-intrinsic-capacity-framework-explained/index.html:571:

  internally linking to /p/the-daily-glucose-medication-tracker/, which does not exist

* At ./_site/posts/wisdom-aging-brain-cognitive-shifts/index.html:242:

  internally linking to /posts/, which does not exist

* At ./_site/posts/wisdom-aging-brain-cognitive-shifts/index.html:476:

  internally linking to /posts/dementia-early-symptoms-vs-metabolic-fog/, which does not exist

* At ./_site/research/2026/04/23/flu-and-rsv-guide-enduring-the-twin-viremic-season.html:242:

  internally linking to /research, which does not exist

* At ./_site/research/2026/04/23/flu-and-rsv-guide-enduring-the-twin-viremic-season.html:252:

  internally linking to /2026, which does not exist

* At ./_site/research/2026/04/23/flu-and-rsv-guide-enduring-the-twin-viremic-season.html:262:

  internally linking to /04, which does not exist

* At ./_site/research/2026/04/23/flu-and-rsv-guide-enduring-the-twin-viremic-season.html:272:

  internally linking to /23, which does not exist

* At ./_site/senior-advocacy/long-term care/2026/05/06/top-ten-long-term-care-tips-to-know.html:242:

  internally linking to /senior-advocacy, which does not exist

* At ./_site/senior-advocacy/long-term care/2026/05/06/top-ten-long-term-care-tips-to-know.html:252:

  internally linking to /long-term-care, which does not exist

* At ./_site/senior-advocacy/long-term care/2026/05/06/top-ten-long-term-care-tips-to-know.html:262:

  internally linking to /2026, which does not exist

* At ./_site/senior-advocacy/long-term care/2026/05/06/top-ten-long-term-care-tips-to-know.html:272:

  internally linking to /05, which does not exist

* At ./_site/senior-advocacy/long-term care/2026/05/06/top-ten-long-term-care-tips-to-know.html:282:

  internally linking to /06, which does not exist

* At ./_site/senior-advocacy/long-term care/2026/05/06/top-ten-long-term-care-tips-to-know.html:593:

  internally linking to /posts/medicare-basics-senior-guide/, which does not exist


HTML-Proofer found 1320 failures!
